Archive member included to satisfy reference by file (symbol)

c:/st/stm32cubeide_1.10.1/stm32cubeide/plugins/com.st.stm32cube.ide.mcu.externaltools.gnu-tools-for-stm32.10.3-2021.10.win32_1.0.0.202111181127/tools/bin/../lib/gcc/arm-none-eabi/10.3.1/../../../../arm-none-eabi/lib/thumb/v7e-m+fp/hard\libc_nano.a(lib_a-errno.o)
                              ./Core/Src/syscalls.o (__errno)
c:/st/stm32cubeide_1.10.1/stm32cubeide/plugins/com.st.stm32cube.ide.mcu.externaltools.gnu-tools-for-stm32.10.3-2021.10.win32_1.0.0.202111181127/tools/bin/../lib/gcc/arm-none-eabi/10.3.1/../../../../arm-none-eabi/lib/thumb/v7e-m+fp/hard\libc_nano.a(lib_a-exit.o)
                              c:/st/stm32cubeide_1.10.1/stm32cubeide/plugins/com.st.stm32cube.ide.mcu.externaltools.gnu-tools-for-stm32.10.3-2021.10.win32_1.0.0.202111181127/tools/bin/../lib/gcc/arm-none-eabi/10.3.1/../../../../arm-none-eabi/lib/thumb/v7e-m+fp/hard/crt0.o (exit)
c:/st/stm32cubeide_1.10.1/stm32cubeide/plugins/com.st.stm32cube.ide.mcu.externaltools.gnu-tools-for-stm32.10.3-2021.10.win32_1.0.0.202111181127/tools/bin/../lib/gcc/arm-none-eabi/10.3.1/../../../../arm-none-eabi/lib/thumb/v7e-m+fp/hard\libc_nano.a(lib_a-impure.o)
                              c:/st/stm32cubeide_1.10.1/stm32cubeide/plugins/com.st.stm32cube.ide.mcu.externaltools.gnu-tools-for-stm32.10.3-2021.10.win32_1.0.0.202111181127/tools/bin/../lib/gcc/arm-none-eabi/10.3.1/../../../../arm-none-eabi/lib/thumb/v7e-m+fp/hard\libc_nano.a(lib_a-exit.o) (_global_impure_ptr)
c:/st/stm32cubeide_1.10.1/stm32cubeide/plugins/com.st.stm32cube.ide.mcu.externaltools.gnu-tools-for-stm32.10.3-2021.10.win32_1.0.0.202111181127/tools/bin/../lib/gcc/arm-none-eabi/10.3.1/../../../../arm-none-eabi/lib/thumb/v7e-m+fp/hard\libc_nano.a(lib_a-init.o)
                              c:/st/stm32cubeide_1.10.1/stm32cubeide/plugins/com.st.stm32cube.ide.mcu.externaltools.gnu-tools-for-stm32.10.3-2021.10.win32_1.0.0.202111181127/tools/bin/../lib/gcc/arm-none-eabi/10.3.1/../../../../arm-none-eabi/lib/thumb/v7e-m+fp/hard/crt0.o (__libc_init_array)
c:/st/stm32cubeide_1.10.1/stm32cubeide/plugins/com.st.stm32cube.ide.mcu.externaltools.gnu-tools-for-stm32.10.3-2021.10.win32_1.0.0.202111181127/tools/bin/../lib/gcc/arm-none-eabi/10.3.1/../../../../arm-none-eabi/lib/thumb/v7e-m+fp/hard\libc_nano.a(lib_a-memcpy-stub.o)
                              ./workable_common/ThirdParty/FreeRTOS/queue.o (memcpy)
c:/st/stm32cubeide_1.10.1/stm32cubeide/plugins/com.st.stm32cube.ide.mcu.externaltools.gnu-tools-for-stm32.10.3-2021.10.win32_1.0.0.202111181127/tools/bin/../lib/gcc/arm-none-eabi/10.3.1/../../../../arm-none-eabi/lib/thumb/v7e-m+fp/hard\libc_nano.a(lib_a-memset.o)
                              c:/st/stm32cubeide_1.10.1/stm32cubeide/plugins/com.st.stm32cube.ide.mcu.externaltools.gnu-tools-for-stm32.10.3-2021.10.win32_1.0.0.202111181127/tools/bin/../lib/gcc/arm-none-eabi/10.3.1/../../../../arm-none-eabi/lib/thumb/v7e-m+fp/hard/crt0.o (memset)
c:/st/stm32cubeide_1.10.1/stm32cubeide/plugins/com.st.stm32cube.ide.mcu.externaltools.gnu-tools-for-stm32.10.3-2021.10.win32_1.0.0.202111181127/tools/bin/../lib/gcc/arm-none-eabi/10.3.1/../../../../arm-none-eabi/lib/thumb/v7e-m+fp/hard\libc_nano.a(lib_a-nano-vfprintf_float.o)
                              (_printf_float)
c:/st/stm32cubeide_1.10.1/stm32cubeide/plugins/com.st.stm32cube.ide.mcu.externaltools.gnu-tools-for-stm32.10.3-2021.10.win32_1.0.0.202111181127/tools/bin/../lib/gcc/arm-none-eabi/10.3.1/../../../../arm-none-eabi/lib/thumb/v7e-m+fp/hard\libc_nano.a(lib_a-nano-vfprintf_i.o)
                              c:/st/stm32cubeide_1.10.1/stm32cubeide/plugins/com.st.stm32cube.ide.mcu.externaltools.gnu-tools-for-stm32.10.3-2021.10.win32_1.0.0.202111181127/tools/bin/../lib/gcc/arm-none-eabi/10.3.1/../../../../arm-none-eabi/lib/thumb/v7e-m+fp/hard\libc_nano.a(lib_a-nano-vfprintf_float.o) (_printf_common)
c:/st/stm32cubeide_1.10.1/stm32cubeide/plugins/com.st.stm32cube.ide.mcu.externaltools.gnu-tools-for-stm32.10.3-2021.10.win32_1.0.0.202111181127/tools/bin/../lib/gcc/arm-none-eabi/10.3.1/../../../../arm-none-eabi/lib/thumb/v7e-m+fp/hard\libc_nano.a(lib_a-snprintf.o)
                              ./Core/Src/main.o (snprintf)
c:/st/stm32cubeide_1.10.1/stm32cubeide/plugins/com.st.stm32cube.ide.mcu.externaltools.gnu-tools-for-stm32.10.3-2021.10.win32_1.0.0.202111181127/tools/bin/../lib/gcc/arm-none-eabi/10.3.1/../../../../arm-none-eabi/lib/thumb/v7e-m+fp/hard\libc_nano.a(lib_a-strlen.o)
                              ./Core/Src/main.o (strlen)
c:/st/stm32cubeide_1.10.1/stm32cubeide/plugins/com.st.stm32cube.ide.mcu.externaltools.gnu-tools-for-stm32.10.3-2021.10.win32_1.0.0.202111181127/tools/bin/../lib/gcc/arm-none-eabi/10.3.1/../../../../arm-none-eabi/lib/thumb/v7e-m+fp/hard\libc_nano.a(lib_a-dtoa.o)
[...]
Memory Configuration

Name             Origin             Length             Attributes
CCMRAM           0x0000000010000000 0x0000000000010000 xrw
RAM              0x0000000020000000 0x0000000000020000 xrw
FLASH            0x0000000008000000 0x0000000000100000 xr
*default*        0x0000000000000000 0xffffffffffffffff

Linker script and memory map

LOAD c:/st/stm32cubeide_1.10.1/stm32cubeide/plugins/com.st.stm32cube.ide.mcu.externaltools.gnu-tools-for-stm32.10.3-2021.10.win32_1.0.0.202111181127/tools/bin/../lib/gcc/arm-none-eabi/10.3.1/thumb/v7e-m+fp/hard/crti.o
LOAD c:/st/stm32cubeide_1.10.1/stm32cubeide/plugins/com.st.stm32cube.ide.mcu.externaltools.gnu-tools-for-stm32.10.3-2021.10.win32_1.0.0.202111181127/tools/bin/../lib/gcc/arm-none-eabi/10.3.1/thumb/v7e-m+fp/hard/crtbegin.o
LOAD c:/st/stm32cubeide_1.10.1/stm32cubeide/plugins/com.st.stm32cube.ide.mcu.externaltools.gnu-tools-for-stm32.10.3-2021.10.win32_1.0.0.202111181127/tools/bin/../lib/gcc/arm-none-eabi/10.3.1/../../../../arm-none-eabi/lib/thumb/v7e-m+fp/hard/crt0.o
LOAD ./Core/Src/bme680.o
LOAD ./Core/Src/main.o
LOAD ./Core/Src/stm32f4xx_hal_msp.o
LOAD ./Core/Src/stm32f4xx_hal_timebase_tim.o
LOAD ./Core/Src/stm32f4xx_it.o
LOAD ./Core/Src/syscalls.o
LOAD ./Core/Src/sysmem.o
LOAD ./Core/Src/system_stm32f4xx.o
LOAD ./Core/Startup/startup_stm32f407vgtx.o
LOAD ./Drivers/STM32F4xx_HAL_Driver/Src/stm32f4xx_hal.o
LOAD ./Drivers/STM32F4xx_HAL_Driver/Src/stm32f4xx_hal_cortex.o
LOAD ./Drivers/STM32F4xx_HAL_Driver/Src/stm32f4xx_hal_dma.o
LOAD ./Drivers/STM32F4xx_HAL_Driver/Src/stm32f4xx_hal_dma_ex.o
LOAD ./Drivers/STM32F4xx_HAL_Driver/Src/stm32f4xx_hal_exti.o
LOAD ./Drivers/STM32F4xx_HAL_Driver/Src/stm32f4xx_hal_flash.o
LOAD ./Drivers/STM32F4xx_HAL_Driver/Src/stm32f4xx_hal_flash_ex.o
LOAD ./Drivers/STM32F4xx_HAL_Driver/Src/stm32f4xx_hal_flash_ramfunc.o
LOAD ./Drivers/STM32F4xx_HAL_Driver/Src/stm32f4xx_hal_gpio.o
LOAD ./Drivers/STM32F4xx_HAL_Driver/Src/stm32f4xx_hal_i2c.o
LOAD ./Drivers/STM32F4xx_HAL_Driver/Src/stm32f4xx_hal_i2c_ex.o
LOAD ./Drivers/STM32F4xx_HAL_Driver/Src/stm32f4xx_hal_pwr.o
LOAD ./Drivers/STM32F4xx_HAL_Driver/Src/stm32f4xx_hal_pwr_ex.o
LOAD ./Drivers/STM32F4xx_HAL_Driver/Src/stm32f4xx_hal_rcc.o
LOAD ./Drivers/STM32F4xx_HAL_Driver/Src/stm32f4xx_hal_rcc_ex.o
LOAD ./Drivers/STM32F4xx_HAL_Driver/Src/stm32f4xx_hal_tim.o
LOAD ./Drivers/STM32F4xx_HAL_Driver/Src/stm32f4xx_hal_tim_ex.o
LOAD ./Drivers/STM32F4xx_HAL_Driver/Src/stm32f4xx_hal_uart.o
LOAD ./workable_common/ThirdParty/FreeRTOS/croutine.o
LOAD ./workable_common/ThirdParty/FreeRTOS/event_groups.o
LOAD ./workable_common/ThirdParty/FreeRTOS/list.o
LOAD ./workable_common/ThirdParty/FreeRTOS/queue.o
LOAD ./workable_common/ThirdParty/FreeRTOS/stream_buffer.o
LOAD ./workable_common/ThirdParty/FreeRTOS/tasks.o
LOAD ./workable_common/ThirdParty/FreeRTOS/timers.o
LOAD ./workable_common/ThirdParty/FreeRTOS/portable/GCC/ARM_CM4F/port.o
LOAD ./workable_common/ThirdParty/FreeRTOS/portable/MemMang/heap_4.o
START GROUP
LOAD c:/st/stm32cubeide_1.10.1/stm32cubeide/plugins/com.st.stm32cube.ide.mcu.externaltools.gnu-tools-for-stm32.10.3-2021.10.win32_1.0.0.202111181127/tools/bin/../lib/gcc/arm-none-eabi/10.3.1/../../../../arm-none-eabi/lib/thumb/v7e-m+fp/hard\libc_nano.a
LOAD c:/st/stm32cubeide_1.10.1/stm32cubeide/plugins/com.st.stm32cube.ide.mcu.externaltools.gnu-tools-for-stm32.10.3-2021.10.win32_1.0.0.202111181127/tools/bin/../lib/gcc/arm-none-eabi/10.3.1/../../../../arm-none-eabi/lib/thumb/v7e-m+fp/hard\libm.a
END GROUP
START GROUP
LOAD c:/st/stm32cubeide_1.10.1/stm32cubeide/plugins/com.st.stm32cube.ide.mcu.externaltools.gnu-tools-for-stm32.10.3-2021.10.win32_1.0.0.202111181127/tools/bin/../lib/gcc/arm-none-eabi/10.3.1/thumb/v7e-m+fp/hard\libgcc.a
LOAD c:/st/stm32cubeide_1.10.1/stm32cubeide/plugins/com.st.stm32cube.ide.mcu.externaltools.gnu-tools-for-stm32.10.3-2021.10.win32_1.0.0.202111181127/tools/bin/../lib/gcc/arm-none-eabi/10.3.1/../../../../arm-none-eabi/lib/thumb/v7e-m+fp/hard\libc_nano.a
END GROUP
START GROUP
LOAD c:/st/stm32cubeide_1.10.1/stm32cubeide/plugins/com.st.stm32cube.ide.mcu.externaltools.gnu-tools-for-stm32.10.3-2021.10.win32_1.0.0.202111181127/tools/bin/../lib/gcc/arm-none-eabi/10.3.1/thumb/v7e-m+fp/hard\libgcc.a
LOAD c:/st/stm32cubeide_1.10.1/stm32cubeide/plugins/com.st.stm32cube.ide.mcu.externaltools.gnu-tools-for-stm32.10.3-2021.10.win32_1.0.0.202111181127/tools/bin/../lib/gcc/arm-none-eabi/10.3.1/../../../../arm-none-eabi/lib/thumb/v7e-m+fp/hard\libc_nano.a
LOAD c:/st/stm32cubeide_1.10.1/stm32cubeide/plugins/com.st.stm32cube.ide.mcu.externaltools.gnu-tools-for-stm32.10.3-2021.10.win32_1.0.0.202111181127/tools/bin/../lib/gcc/arm-none-eabi/10.3.1/../../../../arm-none-eabi/lib/thumb/v7e-m+fp/hard\libnosys.a
END GROUP
START GROUP
LOAD c:/st/stm32cubeide_1.10.1/stm32cubeide/plugins/com.st.stm32cube.ide.mcu.externaltools.gnu-tools-for-stm32.10.3-2021.10.win32_1.0.0.202111181127/tools/bin/../lib/gcc/arm-none-eabi/10.3.1/thumb/v7e-m+fp/hard\libgcc.a
LOAD c:/st/stm32cubeide_1.10.1/stm32cubeide/plugins/com.st.stm32cube.ide.mcu.externaltools.gnu-tools-for-stm32.10.3-2021.10.win32_1.0.0.202111181127/tools/bin/../lib/gcc/arm-none-eabi/10.3.1/../../../../arm-none-eabi/lib/thumb/v7e-m+fp/hard\libc_nano.a
LOAD c:/st/stm32cubeide_1.10.1/stm32cubeide/plugins/com.st.stm32cube.ide.mcu.externaltools.gnu-tools-for-stm32.10.3-2021.10.win32_1.0.0.202111181127/tools/bin/../lib/gcc/arm-none-eabi/10.3.1/../../../../arm-none-eabi/lib/thumb/v7e-m+fp/hard\libnosys.a
END GROUP
LOAD c:/st/stm32cubeide_1.10.1/stm32cubeide/plugins/com.st.stm32cube.ide.mcu.externaltools.gnu-tools-for-stm32.10.3-2021.10.win32_1.0.0.202111181127/tools/bin/../lib/gcc/arm-none-eabi/10.3.1/thumb/v7e-m+fp/hard/crtend.o
LOAD c:/st/stm32cubeide_1.10.1/stm32cubeide/plugins/com.st.stm32cube.ide.mcu.externaltools.gnu-tools-for-stm32.10.3-2021.10.win32_1.0.0.202111181127/tools/bin/../lib/gcc/arm-none-eabi/10.3.1/thumb/v7e-m+fp/hard/crtn.o
                0x0000000020020000                _estack = (ORIGIN (RAM) + LENGTH (RAM))
                0x0000000000000200                _Min_Heap_Size = 0x200
                0x0000000000000400                _Min_Stack_Size = 0x400

.isr_vector     0x0000000008000000      0x188
                0x0000000008000000                . = ALIGN (0x4)
 *(.isr_vector)
 .isr_vector    0x0000000008000000      0x188 ./Core/Startup/startup_stm32f407vgtx.o
                0x0000000008000000                g_pfnVectors
                0x0000000008000188                . = ALIGN (0x4)

.text           0x0000000008000190     0xc864
                0x0000000008000190                . = ALIGN (0x4)
 *(.text)
 .text          0x0000000008000190       0x40 c:/st/stm32cubeide_1.10.1/stm32cubeide/plugins/com.st.stm32cube.ide.mcu.externaltools.gnu-tools-for-stm32.10.3-2021.10.win32_1.0.0.202111181127/tools/bin/../lib/gcc/arm-none-eabi/10.3.1/thumb/v7e-m+fp/hard/crtbegin.o
 .text          0x00000000080001d0       0x10 c:/st/stm32cubeide_1.10.1/stm32cubeide/plugins/com.st.stm32cube.ide.mcu.externaltools.gnu-tools-for-stm32.10.3-2021.10.win32_1.0.0.202111181127/tools/bin/../lib/gcc/arm-none-eabi/10.3.1/../../../../arm-none-eabi/lib/thumb/v7e-m+fp/hard\libc_nano.a(lib_a-strlen.o)
                0x00000000080001d0                strlen
 .text          0x00000000080001e0       0xa0 c:/st/stm32cubeide_1.10.1/stm32cubeide/plugins/com.st.stm32cube.ide.mcu.externaltools.gnu-tools-for-stm32.10.3-2021.10.win32_1.0.0.202111181127/tools/bin/../lib/gcc/arm-none-eabi/10.3.1/../../../../arm-none-eabi/lib/thumb/v7e-m+fp/hard\libc_nano.a(lib_a-memchr.o)
                0x00000000080001e0                memchr
 .text          0x0000000008000280      0x378 c:/st/stm32cubeide_1.10.1/stm32cubeide/plugins/com.st.stm32cube.ide.mcu.externaltools.gnu-tools-for-stm32.10.3-2021.10.win32_1.0.0.202111181127/tools/bin/../lib/gcc/arm-none-eabi/10.3.1/thumb/v7e-m+fp/hard\libgcc.a(_arm_addsubdf3.o)
                0x0000000008000280                __aeabi_drsub
                0x0000000008000288                __aeabi_dsub
                0x0000000008000288                __subdf3
                0x000000000800028c                __aeabi_dadd
                0x000000000800028c                __adddf3
                0x0000000008000504                __floatunsidf
                0x0000000008000504                __aeabi_ui2d
                0x0000000008000524                __floatsidf
                0x0000000008000524                __aeabi_i2d
                0x0000000008000548                __aeabi_f2d
                0x0000000008000548                __extendsfdf2
                0x000000000800058c                __floatundidf
                0x000000000800058c                __aeabi_ul2d
                0x000000000800059c                __floatdidf
                0x000000000800059c                __aeabi_l2d
 .text          0x00000000080005f8      0x424 c:/st/stm32cubeide_1.10.1/stm32cubeide/plugins/com.st.stm32cube.ide.mcu.externaltools.gnu-tools-for-stm32.10.3-2021.10.win32_1.0.0.202111181127/tools/bin/../lib/gcc/arm-none-eabi/10.3.1/thumb/v7e-m+fp/hard\libgcc.a(_arm_muldivdf3.o)
                0x00000000080005f8                __aeabi_dmul
                0x00000000080005f8                __muldf3
                0x000000000800084c                __divdf3
                0x000000000800084c                __aeabi_ddiv
 .text          0x0000000008000a1c      0x110 c:/st/stm32cubeide_1.10.1/stm32cubeide/plugins/com.st.stm32cube.ide.mcu.externaltools.gnu-tools-for-stm32.10.3-2021.10.win32_1.0.0.202111181127/tools/bin/../lib/gcc/arm-none-eabi/10.3.1/thumb/v7e-m+fp/hard\libgcc.a(_arm_cmpdf2.o)
                0x0000000008000a1c                __gtdf2
                0x0000000008000a1c                __gedf2
                0x0000000008000a24                __ltdf2
                0x0000000008000a24                __ledf2
                0x0000000008000a2c                __nedf2
                0x0000000008000a2c                __eqdf2
                0x0000000008000a2c                __cmpdf2
                0x0000000008000aa8                __aeabi_cdrcmple
                0x0000000008000ab8                __aeabi_cdcmpeq
                0x0000000008000ab8                __aeabi_cdcmple
                0x0000000008000ac8                __aeabi_dcmpeq
                0x0000000008000adc                __aeabi_dcmplt
                0x0000000008000af0                __aeabi_dcmple
                0x0000000008000b04                __aeabi_dcmpge
                0x0000000008000b18                __aeabi_dcmpgt
 .text          0x0000000008000b2c       0x2c c:/st/stm32cubeide_1.10.1/stm32cubeide/plugins/com.st.stm32cube.ide.mcu.externaltools.gnu-tools-for-stm32.10.3-2021.10.win32_1.0.0.202111181127/tools/bin/../lib/gcc/arm-none-eabi/10.3.1/thumb/v7e-m+fp/hard\libgcc.a(_arm_unorddf2.o)
                0x0000000008000b2c                __unorddf2
                0x0000000008000b2c                __aeabi_dcmpun
 .text          0x0000000008000b58       0x50 c:/st/stm32cubeide_1.10.1/stm32cubeide/plugins/com.st.stm32cube.ide.mcu.externaltools.gnu-tools-for-stm32.10.3-2021.10.win32_1.0.0.202111181127/tools/bin/../lib/gcc/arm-none-eabi/10.3.1/thumb/v7e-m+fp/hard\libgcc.a(_arm_fixdfsi.o)
                0x0000000008000b58                __aeabi_d2iz
                0x0000000008000b58                __fixdfsi
 .text          0x0000000008000ba8       0x30 c:/st/stm32cubeide_1.10.1/stm32cubeide/plugins/com.st.stm32cube.ide.mcu.externaltools.gnu-tools-for-stm32.10.3-2021.10.win32_1.0.0.202111181127/tools/bin/../lib/gcc/arm-none-eabi/10.3.1/thumb/v7e-m+fp/hard\libgcc.a(_aeabi_uldivmod.o)
                0x0000000008000ba8                __aeabi_uldivmod
 .text          0x0000000008000bd8      0x2d0 c:/st/stm32cubeide_1.10.1/stm32cubeide/plugins/com.st.stm32cube.ide.mcu.externaltools.gnu-tools-for-stm32.10.3-2021.10.win32_1.0.0.202111181127/tools/bin/../lib/gcc/arm-none-eabi/10.3.1/thumb/v7e-m+fp/hard\libgcc.a(_udivmoddi4.o)
                0x0000000008000bd8                __udivmoddi4
 .text          0x0000000008000ea8        0x4 c:/st/stm32cubeide_1.10.1/stm32cubeide/plugins/com.st.stm32cube.ide.mcu.externaltools.gnu-tools-for-stm32.10.3-2021.10.win32_1.0.0.202111181127/tools/bin/../lib/gcc/arm-none-eabi/10.3.1/thumb/v7e-m+fp/hard\libgcc.a(_dvmd_tls.o)
                0x0000000008000ea8                __aeabi_idiv0
                0x0000000008000ea8                __aeabi_ldiv0
 *(.text*)
 .text.bme68x_init
                0x0000000008000eac       0x5c ./Core/Src/bme680.o
                0x0000000008000eac                bme68x_init
 .text.bme68x_set_regs
                0x0000000008000f08      0x120 ./Core/Src/bme680.o
                0x0000000008000f08                bme68x_set_regs
 .text.bme68x_get_regs
                0x0000000008001028       0x88 ./Core/Src/bme680.o
                0x0000000008001028                bme68x_get_regs
 .text.bme68x_soft_reset
                0x00000000080010b0       0x86 ./Core/Src/bme680.o
                0x00000000080010b0                bme68x_soft_reset
 *fill*         0x0000000008001136        0x2 
 .text.bme68x_set_conf
                0x0000000008001138      0x208 ./Core/Src/bme680.o
                0x0000000008001138                bme68x_set_conf
 .text.bme68x_set_op_mode
                0x0000000008001340       0xc2 ./Core/Src/bme680.o
                0x0000000008001340                bme68x_set_op_mode
 .text.bme68x_get_op_mode
                0x0000000008001402       0x40 ./Core/Src/bme680.o
                0x0000000008001402                bme68x_get_op_mode
 *fill*         0x0000000008001442        0x2 
 .text.bme68x_get_meas_dur
                0x0000000008001444       0xe8 ./Core/Src/bme680.o
                0x0000000008001444                bme68x_get_meas_dur
 .text.bme68x_get_data
                0x000000000800152c      0x1fc ./Core/Src/bme680.o
                0x000000000800152c                bme68x_get_data
 .text.bme68x_set_heatr_conf
                0x0000000008001728      0x110 ./Core/Src/bme680.o
                0x0000000008001728                bme68x_set_heatr_conf
 .text.calc_temperature
                0x0000000008001838      0x10c ./Core/Src/bme680.o
 .text.calc_pressure
                0x0000000008001944      0x284 ./Core/Src/bme680.o
 .text.calc_humidity
                0x0000000008001bc8      0x198 ./Core/Src/bme680.o
 .text.calc_gas_resistance_low
                0x0000000008001d60      0x144 ./Core/Src/bme680.o
 .text.calc_gas_resistance_high
                0x0000000008001ea4       0x74 ./Core/Src/bme680.o
 .text.calc_res_heat
                0x0000000008001f18      0x160 ./Core/Src/bme680.o
 .text.calc_gas_wait
                0x0000000008002078       0x4a ./Core/Src/bme680.o
 .text.read_field_data
                0x00000000080020c2      0x294 ./Core/Src/bme680.o
 .text.read_all_field_data
                0x0000000008002356      0x464 ./Core/Src/bme680.o
 .text.set_mem_page
                0x00000000080027ba       0xca ./Core/Src/bme680.o
 .text.get_mem_page
                0x0000000008002884       0x5e ./Core/Src/bme680.o
 .text.boundary_check
                0x00000000080028e2       0x5a ./Core/Src/bme680.o
 .text.null_ptr_check
                0x000000000800293c       0x3e ./Core/Src/bme680.o
 *fill*         0x000000000800297a        0x2 
 .text.set_conf
                0x000000000800297c      0x2ac ./Core/Src/bme680.o
 .text.calc_heatr_dur_shared
                0x0000000008002c28       0x6c ./Core/Src/bme680.o
 .text.sort_sensor_data
                0x0000000008002c94       0xac ./Core/Src/bme680.o
 .text.swap_fields
                0x0000000008002d40       0x48 ./Core/Src/bme680.o
 .text.get_calib_data
                0x0000000008002d88      0x208 ./Core/Src/bme680.o
 .text.read_variant_id
                0x0000000008002f90       0x3a ./Core/Src/bme680.o
 *fill*         0x0000000008002fca        0x2 
 .text.main     0x0000000008002fcc      0x154 ./Core/Src/main.o
                0x0000000008002fcc                main
 .text.SystemClock_Config
                0x0000000008003120       0xd4 ./Core/Src/main.o
                0x0000000008003120                SystemClock_Config
 .text.MX_I2C1_Init
                0x00000000080031f4       0x5c ./Core/Src/main.o
 .text.MX_USART2_UART_Init
                0x0000000008003250       0x54 ./Core/Src/main.o
 .text.MX_GPIO_Init
                0x00000000080032a4      0x298 ./Core/Src/main.o
 .text.printmsg
                0x000000000800353c       0x2c ./Core/Src/main.o
                0x000000000800353c                printmsg
 .text.user_i2c_read
                0x0000000008003568       0x48 ./Core/Src/main.o
                0x0000000008003568                user_i2c_read
 .text.user_i2c_write
                0x00000000080035b0       0x48 ./Core/Src/main.o
                0x00000000080035b0                user_i2c_write
 .text.bme68x_delay_us
                0x00000000080035f8       0x28 ./Core/Src/main.o
                0x00000000080035f8                bme68x_delay_us
 .text.bme680_interface_init
                0x0000000008003620       0x4c ./Core/Src/main.o
 .text.bme680_config
                0x000000000800366c       0x44 ./Core/Src/main.o
 .text.bme680_htr_config
                0x00000000080036b0       0x3c ./Core/Src/main.o
 .text.print_error
                0x00000000080036ec      0x11c ./Core/Src/main.o
                0x00000000080036ec                print_error
 .text.sensor_handler
                0x0000000008003808      0x150 ./Core/Src/main.o
 .text.task2_handler
                0x0000000008003958       0x50 ./Core/Src/main.o
 .text.HAL_TIM_PeriodElapsedCallback
                0x00000000080039a8       0x24 ./Core/Src/main.o
                0x00000000080039a8                HAL_TIM_PeriodElapsedCallback
 .text.Error_Handler
                0x00000000080039cc        0xa ./Core/Src/main.o
                0x00000000080039cc                Error_Handler
 *fill*         0x00000000080039d6        0x2 
 .text.HAL_MspInit
                0x00000000080039d8       0x50 ./Core/Src/stm32f4xx_hal_msp.o
                0x00000000080039d8                HAL_MspInit
 .text.HAL_I2C_MspInit
                0x0000000008003a28       0x90 ./Core/Src/stm32f4xx_hal_msp.o
                0x0000000008003a28                HAL_I2C_MspInit
 .text.HAL_UART_MspInit
                0x0000000008003ab8       0xa0 ./Core/Src/stm32f4xx_hal_msp.o
                0x0000000008003ab8                HAL_UART_MspInit
 .text.HAL_InitTick
                0x0000000008003b58       0xf8 ./Core/Src/stm32f4xx_hal_timebase_tim.o
                0x0000000008003b58                HAL_InitTick
 .text.NMI_Handler
                0x0000000008003c50        0x6 ./Core/Src/stm32f4xx_it.o
                0x0000000008003c50                NMI_Handler
 .text.HardFault_Handler
                0x0000000008003c56        0x6 ./Core/Src/stm32f4xx_it.o
                0x0000000008003c56                HardFault_Handler
 .text.MemManage_Handler
                0x0000000008003c5c        0x6 ./Core/Src/stm32f4xx_it.o
                0x0000000008003c5c                MemManage_Handler
 .text.BusFault_Handler
                0x0000000008003c62        0x6 ./Core/Src/stm32f4xx_it.o
                0x0000000008003c62                BusFault_Handler
 .text.UsageFault_Handler
                0x0000000008003c68        0x6 ./Core/Src/stm32f4xx_it.o
                0x0000000008003c68                UsageFault_Handler
 .text.DebugMon_Handler
                0x0000000008003c6e        0xe ./Core/Src/stm32f4xx_it.o
                0x0000000008003c6e                DebugMon_Handler
 .text.USART2_IRQHandler
                0x0000000008003c7c       0x14 ./Core/Src/stm32f4xx_it.o
                0x0000000008003c7c                USART2_IRQHandler
 .text.TIM6_DAC_IRQHandler
                0x0000000008003c90       0x14 ./Core/Src/stm32f4xx_it.o
                0x0000000008003c90                TIM6_DAC_IRQHandler
 .text._getpid  0x0000000008003ca4       0x10 ./Core/Src/syscalls.o
                0x0000000008003ca4                _getpid
 .text._kill    0x0000000008003cb4       0x20 ./Core/Src/syscalls.o
                0x0000000008003cb4                _kill
 .text._exit    0x0000000008003cd4       0x14 ./Core/Src/syscalls.o
                0x0000000008003cd4                _exit
 .text._read    0x0000000008003ce8       0x3a ./Core/Src/syscalls.o
                0x0000000008003ce8                _read
 .text._write   0x0000000008003d22       0x38 ./Core/Src/syscalls.o
                0x0000000008003d22                _write
 .text._close   0x0000000008003d5a       0x18 ./Core/Src/syscalls.o
                0x0000000008003d5a                _close
 .text._fstat   0x0000000008003d72       0x20 ./Core/Src/syscalls.o
                0x0000000008003d72                _fstat
 .text._isatty  0x0000000008003d92       0x16 ./Core/Src/syscalls.o
                0x0000000008003d92                _isatty
 .text._lseek   0x0000000008003da8       0x1a ./Core/Src/syscalls.o
                0x0000000008003da8                _lseek
 *fill*         0x0000000008003dc2        0x2 
 .text._sbrk    0x0000000008003dc4       0x6c ./Core/Src/sysmem.o
                0x0000000008003dc4                _sbrk
 .text.SystemInit
                0x0000000008003e30       0x24 ./Core/Src/system_stm32f4xx.o
                0x0000000008003e30                SystemInit
 .text.Reset_Handler
                0x0000000008003e54       0x50 ./Core/Startup/startup_stm32f407vgtx.o
                0x0000000008003e54                Reset_Handler
 .text.Default_Handler
                0x0000000008003ea4        0x2 ./Core/Startup/startup_stm32f407vgtx.o
                0x0000000008003ea4                RTC_Alarm_IRQHandler
                0x0000000008003ea4                HASH_RNG_IRQHandler
                0x0000000008003ea4                EXTI2_IRQHandler
                0x0000000008003ea4                TIM8_CC_IRQHandler
                0x0000000008003ea4                TIM1_CC_IRQHandler
                0x0000000008003ea4                DMA2_Stream5_IRQHandler
                0x0000000008003ea4                DMA1_Stream5_IRQHandler
                0x0000000008003ea4                PVD_IRQHandler
                0x0000000008003ea4                SDIO_IRQHandler
                0x0000000008003ea4                TAMP_STAMP_IRQHandler
                0x0000000008003ea4                CAN2_RX1_IRQHandler
                0x0000000008003ea4                EXTI3_IRQHandler
                0x0000000008003ea4                TIM8_TRG_COM_TIM14_IRQHandler
                0x0000000008003ea4                TIM1_UP_TIM10_IRQHandler
                0x0000000008003ea4                TIM8_UP_TIM13_IRQHandler
                0x0000000008003ea4                I2C3_ER_IRQHandler
                0x0000000008003ea4                EXTI0_IRQHandler
                0x0000000008003ea4                I2C2_EV_IRQHandler
                0x0000000008003ea4                DMA1_Stream2_IRQHandler
                0x0000000008003ea4                CAN1_RX0_IRQHandler
                0x0000000008003ea4                FPU_IRQHandler
                0x0000000008003ea4                OTG_HS_WKUP_IRQHandler
                0x0000000008003ea4                CAN2_SCE_IRQHandler
                0x0000000008003ea4                DMA2_Stream2_IRQHandler
                0x0000000008003ea4                SPI1_IRQHandler
                0x0000000008003ea4                TIM1_BRK_TIM9_IRQHandler
                0x0000000008003ea4                DCMI_IRQHandler
                0x0000000008003ea4                CAN2_RX0_IRQHandler
                0x0000000008003ea4                DMA2_Stream3_IRQHandler
                0x0000000008003ea4                USART6_IRQHandler
                0x0000000008003ea4                USART3_IRQHandler
                0x0000000008003ea4                CAN1_RX1_IRQHandler
                0x0000000008003ea4                UART5_IRQHandler
                0x0000000008003ea4                DMA2_Stream0_IRQHandler
                0x0000000008003ea4                TIM4_IRQHandler
                0x0000000008003ea4                I2C1_EV_IRQHandler
                0x0000000008003ea4                DMA1_Stream6_IRQHandler
                0x0000000008003ea4                DMA1_Stream1_IRQHandler
                0x0000000008003ea4                UART4_IRQHandler
                0x0000000008003ea4                TIM3_IRQHandler
                0x0000000008003ea4                RCC_IRQHandler
                0x0000000008003ea4                TIM8_BRK_TIM12_IRQHandler
                0x0000000008003ea4                Default_Handler
                0x0000000008003ea4                EXTI15_10_IRQHandler
                0x0000000008003ea4                ADC_IRQHandler
                0x0000000008003ea4                DMA1_Stream7_IRQHandler
                0x0000000008003ea4                TIM7_IRQHandler
                0x0000000008003ea4                CAN2_TX_IRQHandler
                0x0000000008003ea4                TIM5_IRQHandler
                0x0000000008003ea4                DMA2_Stream7_IRQHandler
                0x0000000008003ea4                I2C3_EV_IRQHandler
                0x0000000008003ea4                EXTI9_5_IRQHandler
                0x0000000008003ea4                RTC_WKUP_IRQHandler
                0x0000000008003ea4                ETH_WKUP_IRQHandler
                0x0000000008003ea4                SPI2_IRQHandler
                0x0000000008003ea4                OTG_HS_EP1_IN_IRQHandler
                0x0000000008003ea4                DMA1_Stream0_IRQHandler
                0x0000000008003ea4                CAN1_TX_IRQHandler
                0x0000000008003ea4                EXTI4_IRQHandler
                0x0000000008003ea4                FSMC_IRQHandler
                0x0000000008003ea4                ETH_IRQHandler
                0x0000000008003ea4                OTG_HS_EP1_OUT_IRQHandler
                0x0000000008003ea4                WWDG_IRQHandler
                0x0000000008003ea4                TIM2_IRQHandler
                0x0000000008003ea4                OTG_FS_WKUP_IRQHandler
                0x0000000008003ea4                TIM1_TRG_COM_TIM11_IRQHandler
                0x0000000008003ea4                OTG_HS_IRQHandler
                0x0000000008003ea4                EXTI1_IRQHandler
                0x0000000008003ea4                I2C2_ER_IRQHandler
                0x0000000008003ea4                DMA2_Stream1_IRQHandler
                0x0000000008003ea4                CAN1_SCE_IRQHandler
                0x0000000008003ea4                FLASH_IRQHandler
                0x0000000008003ea4                DMA2_Stream4_IRQHandler
                0x0000000008003ea4                USART1_IRQHandler
                0x0000000008003ea4                OTG_FS_IRQHandler
                0x0000000008003ea4                SPI3_IRQHandler
                0x0000000008003ea4                DMA1_Stream4_IRQHandler
                0x0000000008003ea4                I2C1_ER_IRQHandler
                0x0000000008003ea4                DMA2_Stream6_IRQHandler
                0x0000000008003ea4                DMA1_Stream3_IRQHandler
 *fill*         0x0000000008003ea6        0x2 
 .text.HAL_Init
                0x0000000008003ea8       0x44 ./Drivers/STM32F4xx_HAL_Driver/Src/stm32f4xx_hal.o
                0x0000000008003ea8                HAL_Init
 .text.HAL_IncTick
                0x0000000008003eec       0x28 ./Drivers/STM32F4xx_HAL_Driver/Src/stm32f4xx_hal.o
                0x0000000008003eec                HAL_IncTick
 .text.HAL_GetTick
                0x0000000008003f14       0x18 ./Drivers/STM32F4xx_HAL_Driver/Src/stm32f4xx_hal.o
                0x0000000008003f14                HAL_GetTick
 .text.HAL_Delay
                0x0000000008003f2c       0x48 ./Drivers/STM32F4xx_HAL_Driver/Src/stm32f4xx_hal.o
                0x0000000008003f2c                HAL_Delay
 .text.__NVIC_SetPriorityGrouping
                0x0000000008003f74       0x48 ./Drivers/STM32F4xx_HAL_Driver/Src/stm32f4xx_hal_cortex.o
 .text.__NVIC_GetPriorityGrouping
                0x0000000008003fbc       0x1c ./Drivers/STM32F4xx_HAL_Driver/Src/stm32f4xx_hal_cortex.o
 .text.__NVIC_EnableIRQ
                0x0000000008003fd8       0x3c ./Drivers/STM32F4xx_HAL_Driver/Src/stm32f4xx_hal_cortex.o
 .text.__NVIC_SetPriority
                0x0000000008004014       0x54 ./Drivers/STM32F4xx_HAL_Driver/Src/stm32f4xx_hal_cortex.o
 .text.NVIC_EncodePriority
                0x0000000008004068       0x66 ./Drivers/STM32F4xx_HAL_Driver/Src/stm32f4xx_hal_cortex.o
 .text.HAL_NVIC_SetPriorityGrouping
                0x00000000080040ce       0x16 ./Drivers/STM32F4xx_HAL_Driver/Src/stm32f4xx_hal_cortex.o
                0x00000000080040ce                HAL_NVIC_SetPriorityGrouping
 .text.HAL_NVIC_SetPriority
                0x00000000080040e4       0x38 ./Drivers/STM32F4xx_HAL_Driver/Src/stm32f4xx_hal_cortex.o
                0x00000000080040e4                HAL_NVIC_SetPriority
 .text.HAL_NVIC_EnableIRQ
                0x000000000800411c       0x1c ./Drivers/STM32F4xx_HAL_Driver/Src/stm32f4xx_hal_cortex.o
                0x000000000800411c                HAL_NVIC_EnableIRQ
 .text.HAL_DMA_Abort
                0x0000000008004138       0xe0 ./Drivers/STM32F4xx_HAL_Driver/Src/stm32f4xx_hal_dma.o
                0x0000000008004138                HAL_DMA_Abort
 .text.HAL_DMA_Abort_IT
                0x0000000008004218       0x44 ./Drivers/STM32F4xx_HAL_Driver/Src/stm32f4xx_hal_dma.o
                0x0000000008004218                HAL_DMA_Abort_IT
 .text.HAL_GPIO_Init
                0x000000000800425c      0x338 ./Drivers/STM32F4xx_HAL_Driver/Src/stm32f4xx_hal_gpio.o
                0x000000000800425c                HAL_GPIO_Init
 .text.HAL_GPIO_WritePin
                0x0000000008004594       0x32 ./Drivers/STM32F4xx_HAL_Driver/Src/stm32f4xx_hal_gpio.o
                0x0000000008004594                HAL_GPIO_WritePin
 .text.HAL_GPIO_TogglePin
                0x00000000080045c6       0x34 ./Drivers/STM32F4xx_HAL_Driver/Src/stm32f4xx_hal_gpio.o
                0x00000000080045c6                HAL_GPIO_TogglePin
 *fill*         0x00000000080045fa        0x2 
 .text.HAL_I2C_Init
                0x00000000080045fc      0x288 ./Drivers/STM32F4xx_HAL_Driver/Src/stm32f4xx_hal_i2c.o
                0x00000000080045fc                HAL_I2C_Init
 .text.HAL_I2C_Mem_Write
                0x0000000008004884      0x1f4 ./Drivers/STM32F4xx_HAL_Driver/Src/stm32f4xx_hal_i2c.o
                0x0000000008004884                HAL_I2C_Mem_Write
 .text.HAL_I2C_Mem_Read
                0x0000000008004a78      0x44c ./Drivers/STM32F4xx_HAL_Driver/Src/stm32f4xx_hal_i2c.o
                0x0000000008004a78                HAL_I2C_Mem_Read
 .text.I2C_RequestMemoryWrite
                0x0000000008004ec4      0x12c ./Drivers/STM32F4xx_HAL_Driver/Src/stm32f4xx_hal_i2c.o
 .text.I2C_RequestMemoryRead
                0x0000000008004ff0      0x1d0 ./Drivers/STM32F4xx_HAL_Driver/Src/stm32f4xx_hal_i2c.o
 .text.I2C_WaitOnFlagUntilTimeout
                0x00000000080051c0       0xae ./Drivers/STM32F4xx_HAL_Driver/Src/stm32f4xx_hal_i2c.o
 .text.I2C_WaitOnMasterAddressFlagUntilTimeout
                0x000000000800526e       0xfe ./Drivers/STM32F4xx_HAL_Driver/Src/stm32f4xx_hal_i2c.o
 .text.I2C_WaitOnTXEFlagUntilTimeout
                0x000000000800536c       0x82 ./Drivers/STM32F4xx_HAL_Driver/Src/stm32f4xx_hal_i2c.o
 .text.I2C_WaitOnBTFFlagUntilTimeout
                0x00000000080053ee       0x82 ./Drivers/STM32F4xx_HAL_Driver/Src/stm32f4xx_hal_i2c.o
 .text.I2C_WaitOnRXNEFlagUntilTimeout
                0x0000000008005470       0xac ./Drivers/STM32F4xx_HAL_Driver/Src/stm32f4xx_hal_i2c.o
 .text.I2C_IsAcknowledgeFailed
                0x000000000800551c       0x5e ./Drivers/STM32F4xx_HAL_Driver/Src/stm32f4xx_hal_i2c.o
 *fill*         0x000000000800557a        0x2 
 .text.HAL_RCC_OscConfig
                0x000000000800557c      0x4f0 ./Drivers/STM32F4xx_HAL_Driver/Src/stm32f4xx_hal_rcc.o
                0x000000000800557c                HAL_RCC_OscConfig
 .text.HAL_RCC_ClockConfig
                0x0000000008005a6c      0x1cc ./Drivers/STM32F4xx_HAL_Driver/Src/stm32f4xx_hal_rcc.o
                0x0000000008005a6c                HAL_RCC_ClockConfig
 .text.HAL_RCC_GetSysClockFreq
                0x0000000008005c38      0x20c ./Drivers/STM32F4xx_HAL_Driver/Src/stm32f4xx_hal_rcc.o
                0x0000000008005c38                HAL_RCC_GetSysClockFreq
 .text.HAL_RCC_GetHCLKFreq
                0x0000000008005e44       0x18 ./Drivers/STM32F4xx_HAL_Driver/Src/stm32f4xx_hal_rcc.o
                0x0000000008005e44                HAL_RCC_GetHCLKFreq
 .text.HAL_RCC_GetPCLK1Freq
                0x0000000008005e5c       0x28 ./Drivers/STM32F4xx_HAL_Driver/Src/stm32f4xx_hal_rcc.o
                0x0000000008005e5c                HAL_RCC_GetPCLK1Freq
 .text.HAL_RCC_GetPCLK2Freq
                0x0000000008005e84       0x28 ./Drivers/STM32F4xx_HAL_Driver/Src/stm32f4xx_hal_rcc.o
                0x0000000008005e84                HAL_RCC_GetPCLK2Freq
 .text.HAL_RCC_GetClockConfig
                0x0000000008005eac       0x64 ./Drivers/STM32F4xx_HAL_Driver/Src/stm32f4xx_hal_rcc.o
                0x0000000008005eac                HAL_RCC_GetClockConfig
 .text.HAL_TIM_Base_Init
                0x0000000008005f10       0x9e ./Drivers/STM32F4xx_HAL_Driver/Src/stm32f4xx_hal_tim.o
                0x0000000008005f10                HAL_TIM_Base_Init
 .text.HAL_TIM_Base_MspInit
                0x0000000008005fae       0x14 ./Drivers/STM32F4xx_HAL_Driver/Src/stm32f4xx_hal_tim.o
                0x0000000008005fae                HAL_TIM_Base_MspInit
 *fill*         0x0000000008005fc2        0x2 
 .text.HAL_TIM_Base_Start_IT
                0x0000000008005fc4       0xe0 ./Drivers/STM32F4xx_HAL_Driver/Src/stm32f4xx_hal_tim.o
                0x0000000008005fc4                HAL_TIM_Base_Start_IT
 .text.HAL_TIM_IRQHandler
                0x00000000080060a4      0x210 ./Drivers/STM32F4xx_HAL_Driver/Src/stm32f4xx_hal_tim.o
                0x00000000080060a4                HAL_TIM_IRQHandler
 .text.HAL_TIM_OC_DelayElapsedCallback
                0x00000000080062b4       0x14 ./Drivers/STM32F4xx_HAL_Driver/Src/stm32f4xx_hal_tim.o
                0x00000000080062b4                HAL_TIM_OC_DelayElapsedCallback
 .text.HAL_TIM_IC_CaptureCallback
                0x00000000080062c8       0x14 ./Drivers/STM32F4xx_HAL_Driver/Src/stm32f4xx_hal_tim.o
                0x00000000080062c8                HAL_TIM_IC_CaptureCallback
 .text.HAL_TIM_PWM_PulseFinishedCallback
                0x00000000080062dc       0x14 ./Drivers/STM32F4xx_HAL_Driver/Src/stm32f4xx_hal_tim.o
                0x00000000080062dc                HAL_TIM_PWM_PulseFinishedCallback
 .text.HAL_TIM_TriggerCallback
                0x00000000080062f0       0x14 ./Drivers/STM32F4xx_HAL_Driver/Src/stm32f4xx_hal_tim.o
                0x00000000080062f0                HAL_TIM_TriggerCallback
 .text.TIM_Base_SetConfig
                0x0000000008006304      0x140 ./Drivers/STM32F4xx_HAL_Driver/Src/stm32f4xx_hal_tim.o
                0x0000000008006304                TIM_Base_SetConfig
 .text.HAL_TIMEx_CommutCallback
                0x0000000008006444       0x14 ./Drivers/STM32F4xx_HAL_Driver/Src/stm32f4xx_hal_tim_ex.o
                0x0000000008006444                HAL_TIMEx_CommutCallback
 .text.HAL_TIMEx_BreakCallback
                0x0000000008006458       0x14 ./Drivers/STM32F4xx_HAL_Driver/Src/stm32f4xx_hal_tim_ex.o
                0x0000000008006458                HAL_TIMEx_BreakCallback
 .text.HAL_UART_Init
                0x000000000800646c       0x9a ./Drivers/STM32F4xx_HAL_Driver/Src/stm32f4xx_hal_uart.o
                0x000000000800646c                HAL_UART_Init
 .text.HAL_UART_Transmit
                0x0000000008006506      0x124 ./Drivers/STM32F4xx_HAL_Driver/Src/stm32f4xx_hal_uart.o
                0x0000000008006506                HAL_UART_Transmit
 *fill*         0x000000000800662a        0x2 
 .text.HAL_UART_IRQHandler
                0x000000000800662c      0x51c ./Drivers/STM32F4xx_HAL_Driver/Src/stm32f4xx_hal_uart.o
                0x000000000800662c                HAL_UART_IRQHandler
 .text.HAL_UART_TxCpltCallback
                0x0000000008006b48       0x14 ./Drivers/STM32F4xx_HAL_Driver/Src/stm32f4xx_hal_uart.o
                0x0000000008006b48                HAL_UART_TxCpltCallback
 .text.HAL_UART_RxCpltCallback
                0x0000000008006b5c       0x14 ./Drivers/STM32F4xx_HAL_Driver/Src/stm32f4xx_hal_uart.o
                0x0000000008006b5c                HAL_UART_RxCpltCallback
 .text.HAL_UART_ErrorCallback
                0x0000000008006b70       0x14 ./Drivers/STM32F4xx_HAL_Driver/Src/stm32f4xx_hal_uart.o
                0x0000000008006b70                HAL_UART_ErrorCallback
 .text.HAL_UARTEx_RxEventCallback
                0x0000000008006b84       0x18 ./Drivers/STM32F4xx_HAL_Driver/Src/stm32f4xx_hal_uart.o
                0x0000000008006b84                HAL_UARTEx_RxEventCallback
 .text.UART_WaitOnFlagUntilTimeout
                0x0000000008006b9c       0xdc ./Drivers/STM32F4xx_HAL_Driver/Src/stm32f4xx_hal_uart.o
 .text.UART_EndRxTransfer
                0x0000000008006c78       0xc6 ./Drivers/STM32F4xx_HAL_Driver/Src/stm32f4xx_hal_uart.o
 .text.UART_DMAAbortOnError
                0x0000000008006d3e       0x28 ./Drivers/STM32F4xx_HAL_Driver/Src/stm32f4xx_hal_uart.o
 .text.UART_Transmit_IT
                0x0000000008006d66       0xa0 ./Drivers/STM32F4xx_HAL_Driver/Src/stm32f4xx_hal_uart.o
 .text.UART_EndTransmit_IT
                0x0000000008006e06       0x30 ./Drivers/STM32F4xx_HAL_Driver/Src/stm32f4xx_hal_uart.o
 .text.UART_Receive_IT
                0x0000000008006e36      0x176 ./Drivers/STM32F4xx_HAL_Driver/Src/stm32f4xx_hal_uart.o
 .text.UART_SetConfig
                0x0000000008006fac      0x4e8 ./Drivers/STM32F4xx_HAL_Driver/Src/stm32f4xx_hal_uart.o
 .text.vListInitialise
                0x0000000008007494       0x40 ./workable_common/ThirdParty/FreeRTOS/list.o
                0x0000000008007494                vListInitialise
 .text.vListInitialiseItem
                0x00000000080074d4       0x1a ./workable_common/ThirdParty/FreeRTOS/list.o
                0x00000000080074d4                vListInitialiseItem
 .text.vListInsertEnd
                0x00000000080074ee       0x48 ./workable_common/ThirdParty/FreeRTOS/list.o
                0x00000000080074ee                vListInsertEnd
 .text.vListInsert
                0x0000000008007536       0x72 ./workable_common/ThirdParty/FreeRTOS/list.o
                0x0000000008007536                vListInsert
 .text.uxListRemove
                0x00000000080075a8       0x54 ./workable_common/ThirdParty/FreeRTOS/list.o
                0x00000000080075a8                uxListRemove
 .text.xQueueGenericReset
                0x00000000080075fc       0xd0 ./workable_common/ThirdParty/FreeRTOS/queue.o
                0x00000000080075fc                xQueueGenericReset
 .text.xQueueGenericCreate
                0x00000000080076cc       0xbe ./workable_common/ThirdParty/FreeRTOS/queue.o
                0x00000000080076cc                xQueueGenericCreate
 .text.prvInitialiseNewQueue
                0x000000000800778a       0x46 ./workable_common/ThirdParty/FreeRTOS/queue.o
 .text.xQueueGenericSend
                0x00000000080077d0      0x1fc ./workable_common/ThirdParty/FreeRTOS/queue.o
                0x00000000080077d0                xQueueGenericSend
 .text.xQueueGenericSendFromISR
                0x00000000080079cc      0x154 ./workable_common/ThirdParty/FreeRTOS/queue.o
                0x00000000080079cc                xQueueGenericSendFromISR
 .text.xQueueReceive
                0x0000000008007b20      0x1c0 ./workable_common/ThirdParty/FreeRTOS/queue.o
                0x0000000008007b20                xQueueReceive
 .text.prvCopyDataToQueue
                0x0000000008007ce0       0xd4 ./workable_common/ThirdParty/FreeRTOS/queue.o
 .text.prvCopyDataFromQueue
                0x0000000008007db4       0x4c ./workable_common/ThirdParty/FreeRTOS/queue.o
 .text.prvUnlockQueue
                0x0000000008007e00       0xa4 ./workable_common/ThirdParty/FreeRTOS/queue.o
 .text.prvIsQueueEmpty
                0x0000000008007ea4       0x2c ./workable_common/ThirdParty/FreeRTOS/queue.o
 .text.prvIsQueueFull
                0x0000000008007ed0       0x30 ./workable_common/ThirdParty/FreeRTOS/queue.o
 .text.vQueueAddToRegistry
                0x0000000008007f00       0x54 ./workable_common/ThirdParty/FreeRTOS/queue.o
                0x0000000008007f00                vQueueAddToRegistry
 .text.vQueueWaitForMessageRestricted
                0x0000000008007f54       0x68 ./workable_common/ThirdParty/FreeRTOS/queue.o
                0x0000000008007f54                vQueueWaitForMessageRestricted
 .text.xTaskCreate
                0x0000000008007fbc       0x82 ./workable_common/ThirdParty/FreeRTOS/tasks.o
                0x0000000008007fbc                xTaskCreate
 .text.prvInitialiseNewTask
                0x000000000800803e      0x12c ./workable_common/ThirdParty/FreeRTOS/tasks.o
 *fill*         0x000000000800816a        0x2 
 .text.prvAddNewTaskToReadyList
                0x000000000800816c       0xdc ./workable_common/ThirdParty/FreeRTOS/tasks.o
 .text.vTaskDelay
                0x0000000008008248       0x68 ./workable_common/ThirdParty/FreeRTOS/tasks.o
                0x0000000008008248                vTaskDelay
 .text.vTaskStartScheduler
                0x00000000080082b0       0xa4 ./workable_common/ThirdParty/FreeRTOS/tasks.o
                0x00000000080082b0                vTaskStartScheduler
 .text.vTaskSuspendAll
                0x0000000008008354       0x1c ./workable_common/ThirdParty/FreeRTOS/tasks.o
                0x0000000008008354                vTaskSuspendAll
 .text.xTaskResumeAll
                0x0000000008008370      0x138 ./workable_common/ThirdParty/FreeRTOS/tasks.o
                0x0000000008008370                xTaskResumeAll
 .text.xTaskGetTickCount
                0x00000000080084a8       0x20 ./workable_common/ThirdParty/FreeRTOS/tasks.o
                0x00000000080084a8                xTaskGetTickCount
 .text.xTaskIncrementTick
                0x00000000080084c8      0x170 ./workable_common/ThirdParty/FreeRTOS/tasks.o
                0x00000000080084c8                xTaskIncrementTick
 .text.vTaskSwitchContext
                0x0000000008008638       0xb8 ./workable_common/ThirdParty/FreeRTOS/tasks.o
                0x0000000008008638                vTaskSwitchContext
 .text.vTaskPlaceOnEventList
                0x00000000080086f0       0x48 ./workable_common/ThirdParty/FreeRTOS/tasks.o
                0x00000000080086f0                vTaskPlaceOnEventList
 .text.vTaskPlaceOnEventListRestricted
                0x0000000008008738       0x58 ./workable_common/ThirdParty/FreeRTOS/tasks.o
                0x0000000008008738                vTaskPlaceOnEventListRestricted
 .text.xTaskRemoveFromEventList
                0x0000000008008790       0xc4 ./workable_common/ThirdParty/FreeRTOS/tasks.o
                0x0000000008008790                xTaskRemoveFromEventList
 .text.vTaskInternalSetTimeOutState
                0x0000000008008854       0x2c ./workable_common/ThirdParty/FreeRTOS/tasks.o
                0x0000000008008854                vTaskInternalSetTimeOutState
 .text.xTaskCheckForTimeOut
                0x0000000008008880       0xcc ./workable_common/ThirdParty/FreeRTOS/tasks.o
                0x0000000008008880                xTaskCheckForTimeOut
 .text.vTaskMissedYield
                0x000000000800894c       0x18 ./workable_common/ThirdParty/FreeRTOS/tasks.o
                0x000000000800894c                vTaskMissedYield
 .text.prvIdleTask
                0x0000000008008964       0x30 ./workable_common/ThirdParty/FreeRTOS/tasks.o
 .text.prvInitialiseTaskLists
                0x0000000008008994       0x80 ./workable_common/ThirdParty/FreeRTOS/tasks.o
 .text.prvCheckTasksWaitingTermination
                0x0000000008008a14       0x5c ./workable_common/ThirdParty/FreeRTOS/tasks.o
 .text.prvDeleteTCB
                0x0000000008008a70       0x20 ./workable_common/ThirdParty/FreeRTOS/tasks.o
 .text.prvResetNextTaskUnblockTime
                0x0000000008008a90       0x38 ./workable_common/ThirdParty/FreeRTOS/tasks.o
 .text.xTaskGetSchedulerState
                0x0000000008008ac8       0x3c ./workable_common/ThirdParty/FreeRTOS/tasks.o
                0x0000000008008ac8                xTaskGetSchedulerState
 .text.xTaskPriorityDisinherit
                0x0000000008008b04       0xf4 ./workable_common/ThirdParty/FreeRTOS/tasks.o
                0x0000000008008b04                xTaskPriorityDisinherit
 .text.prvAddCurrentTaskToDelayedList
                0x0000000008008bf8       0xcc ./workable_common/ThirdParty/FreeRTOS/tasks.o
 .text.xTimerCreateTimerTask
                0x0000000008008cc4       0x64 ./workable_common/ThirdParty/FreeRTOS/timers.o
                0x0000000008008cc4                xTimerCreateTimerTask
 .text.xTimerGenericCommand
                0x0000000008008d28       0x9c ./workable_common/ThirdParty/FreeRTOS/timers.o
                0x0000000008008d28                xTimerGenericCommand
 .text.prvProcessExpiredTimer
                0x0000000008008dc4       0x98 ./workable_common/ThirdParty/FreeRTOS/timers.o
 .text.prvTimerTask
                0x0000000008008e5c       0x24 ./workable_common/ThirdParty/FreeRTOS/timers.o
 .text.prvProcessTimerOrBlockTask
                0x0000000008008e80       0x9c ./workable_common/ThirdParty/FreeRTOS/timers.o
 .text.prvGetNextExpireTime
                0x0000000008008f1c       0x48 ./workable_common/ThirdParty/FreeRTOS/timers.o
 .text.prvSampleTimeNow
                0x0000000008008f64       0x40 ./workable_common/ThirdParty/FreeRTOS/timers.o
 .text.prvInsertTimerInActiveList
                0x0000000008008fa4       0x84 ./workable_common/ThirdParty/FreeRTOS/timers.o
 .text.prvProcessReceivedCommands
                0x0000000008009028      0x18c ./workable_common/ThirdParty/FreeRTOS/timers.o
 .text.prvSwitchTimerLists
                0x00000000080091b4       0xc8 ./workable_common/ThirdParty/FreeRTOS/timers.o
 .text.prvCheckForValidListAndQueue
                0x000000000800927c       0x6c ./workable_common/ThirdParty/FreeRTOS/timers.o
 .text.pxPortInitialiseStack
                0x00000000080092e8       0x68 ./workable_common/ThirdParty/FreeRTOS/portable/GCC/ARM_CM4F/port.o
                0x00000000080092e8                pxPortInitialiseStack
 .text.prvTaskExitError
                0x0000000008009350       0x58 ./workable_common/ThirdParty/FreeRTOS/portable/GCC/ARM_CM4F/port.o
 *fill*         0x00000000080093a8        0x8 
 .text.SVC_Handler
                0x00000000080093b0       0x28 ./workable_common/ThirdParty/FreeRTOS/portable/GCC/ARM_CM4F/port.o
                0x00000000080093b0                SVC_Handler
 .text.prvPortStartFirstTask
                0x00000000080093d8       0x2c ./workable_common/ThirdParty/FreeRTOS/portable/GCC/ARM_CM4F/port.o
 .text.xPortStartScheduler
                0x0000000008009404      0x144 ./workable_common/ThirdParty/FreeRTOS/portable/GCC/ARM_CM4F/port.o
                0x0000000008009404                xPortStartScheduler
 .text.vPortEnterCritical
                0x0000000008009548       0x60 ./workable_common/ThirdParty/FreeRTOS/portable/GCC/ARM_CM4F/port.o
                0x0000000008009548                vPortEnterCritical
 .text.vPortExitCritical
                0x00000000080095a8       0x54 ./workable_common/ThirdParty/FreeRTOS/portable/GCC/ARM_CM4F/port.o
                0x00000000080095a8                vPortExitCritical
 *fill*         0x00000000080095fc        0x4 
 .text.PendSV_Handler
                0x0000000008009600       0x68 ./workable_common/ThirdParty/FreeRTOS/portable/GCC/ARM_CM4F/port.o
                0x0000000008009600                PendSV_Handler
 .text.SysTick_Handler
                0x0000000008009668       0x44 ./workable_common/ThirdParty/FreeRTOS/portable/GCC/ARM_CM4F/port.o
                0x0000000008009668                SysTick_Handler
 .text.vPortSetupTimerInterrupt
                0x00000000080096ac       0x48 ./workable_common/ThirdParty/FreeRTOS/portable/GCC/ARM_CM4F/port.o
                0x00000000080096ac                vPortSetupTimerInterrupt
 .text.vPortEnableVFP
                0x00000000080096f4       0x18 ./workable_common/ThirdParty/FreeRTOS/portable/GCC/ARM_CM4F/port.o
 .text.vPortValidateInterruptPriority
                0x000000000800970c       0x80 ./workable_common/ThirdParty/FreeRTOS/portable/GCC/ARM_CM4F/port.o
                0x000000000800970c                vPortValidateInterruptPriority
 .text.pvPortMalloc
                0x000000000800978c      0x1c0 ./workable_common/ThirdParty/FreeRTOS/portable/MemMang/heap_4.o
                0x000000000800978c                pvPortMalloc
 .text.vPortFree
                0x000000000800994c       0xc4 ./workable_common/ThirdParty/FreeRTOS/portable/MemMang/heap_4.o
                0x000000000800994c                vPortFree
 .text.prvHeapInit
                0x0000000008009a10       0xc4 ./workable_common/ThirdParty/FreeRTOS/portable/MemMang/heap_4.o
 .text.prvInsertBlockIntoFreeList
                0x0000000008009ad4       0xb4 ./workable_common/ThirdParty/FreeRTOS/portable/MemMang/heap_4.o
 .text.__errno  0x0000000008009b88        0xc c:/st/stm32cubeide_1.10.1/stm32cubeide/plugins/com.st.stm32cube.ide.mcu.externaltools.gnu-tools-for-stm32.10.3-2021.10.win32_1.0.0.202111181127/tools/bin/../lib/gcc/arm-none-eabi/10.3.1/../../../../arm-none-eabi/lib/thumb/v7e-m+fp/hard\libc_nano.a(lib_a-errno.o)
                0x0000000008009b88                __errno
 .text.__libc_init_array
                0x0000000008009b94       0x48 c:/st/stm32cubeide_1.10.1/stm32cubeide/plugins/com.st.stm32cube.ide.mcu.externaltools.gnu-tools-for-stm32.10.3-2021.10.win32_1.0.0.202111181127/tools/bin/../lib/gcc/arm-none-eabi/10.3.1/../../../../arm-none-eabi/lib/thumb/v7e-m+fp/hard\libc_nano.a(lib_a-init.o)
                0x0000000008009b94                __libc_init_array
 .text.memcpy   0x0000000008009bdc       0x1c c:/st/stm32cubeide_1.10.1/stm32cubeide/plugins/com.st.stm32cube.ide.mcu.externaltools.gnu-tools-for-stm32.10.3-2021.10.win32_1.0.0.202111181127/tools/bin/../lib/gcc/arm-none-eabi/10.3.1/../../../../arm-none-eabi/lib/thumb/v7e-m+fp/hard\libc_nano.a(lib_a-memcpy-stub.o)
                0x0000000008009bdc                memcpy
 .text.memset   0x0000000008009bf8       0x10 c:/st/stm32cubeide_1.10.1/stm32cubeide/plugins/com.st.stm32cube.ide.mcu.externaltools.gnu-tools-for-stm32.10.3-2021.10.win32_1.0.0.202111181127/tools/bin/../lib/gcc/arm-none-eabi/10.3.1/../../../../arm-none-eabi/lib/thumb/v7e-m+fp/hard\libc_nano.a(lib_a-memset.o)
                0x0000000008009bf8                memset
 .text.__cvt    0x0000000008009c08       0xc4 c:/st/stm32cubeide_1.10.1/stm32cubeide/plugins/com.st.stm32cube.ide.mcu.externaltools.gnu-tools-for-stm32.10.3-2021.10.win32_1.0.0.202111181127/tools/bin/../lib/gcc/arm-none-eabi/10.3.1/../../../../arm-none-eabi/lib/thumb/v7e-m+fp/hard\libc_nano.a(lib_a-nano-vfprintf_float.o)
                0x0000000008009c08                __cvt
 .text.__exponent
                0x0000000008009ccc       0x7c c:/st/stm32cubeide_1.10.1/stm32cubeide/plugins/com.st.stm32cube.ide.mcu.externaltools.gnu-tools-for-stm32.10.3-2021.10.win32_1.0.0.202111181127/tools/bin/../lib/gcc/arm-none-eabi/10.3.1/../../../../arm-none-eabi/lib/thumb/v7e-m+fp/hard\libc_nano.a(lib_a-nano-vfprintf_float.o)
                0x0000000008009ccc                __exponent
 .text._printf_float
                0x0000000008009d48      0x46c c:/st/stm32cubeide_1.10.1/stm32cubeide/plugins/com.st.stm32cube.ide.mcu.externaltools.gnu-tools-for-stm32.10.3-2021.10.win32_1.0.0.202111181127/tools/bin/../lib/gcc/arm-none-eabi/10.3.1/../../../../arm-none-eabi/lib/thumb/v7e-m+fp/hard\libc_nano.a(lib_a-nano-vfprintf_float.o)
                0x0000000008009d48                _printf_float
 .text._printf_common
                0x000000000800a1b4       0xda c:/st/stm32cubeide_1.10.1/stm32cubeide/plugins/com.st.stm32cube.ide.mcu.externaltools.gnu-tools-for-stm32.10.3-2021.10.win32_1.0.0.202111181127/tools/bin/../lib/gcc/arm-none-eabi/10.3.1/../../../../arm-none-eabi/lib/thumb/v7e-m+fp/hard\libc_nano.a(lib_a-nano-vfprintf_i.o)
                0x000000000800a1b4                _printf_common
 *fill*         0x000000000800a28e        0x2 
 .text._printf_i
                0x000000000800a290      0x24c c:/st/stm32cubeide_1.10.1/stm32cubeide/plugins/com.st.stm32cube.ide.mcu.externaltools.gnu-tools-for-stm32.10.3-2021.10.win32_1.0.0.202111181127/tools/bin/../lib/gcc/arm-none-eabi/10.3.1/../../../../arm-none-eabi/lib/thumb/v7e-m+fp/hard\libc_nano.a(lib_a-nano-vfprintf_i.o)
                0x000000000800a290                _printf_i
 .text.snprintf
                0x000000000800a4dc       0x68 c:/st/stm32cubeide_1.10.1/stm32cubeide/plugins/com.st.stm32cube.ide.mcu.externaltools.gnu-tools-for-stm32.10.3-2021.10.win32_1.0.0.202111181127/tools/bin/../lib/gcc/arm-none-eabi/10.3.1/../../../../arm-none-eabi/lib/thumb/v7e-m+fp/hard\libc_nano.a(lib_a-snprintf.o)
                0x000000000800a4dc                sniprintf
                0x000000000800a4dc                snprintf
 .text.quorem   0x000000000800a544      0x116 c:/st/stm32cubeide_1.10.1/stm32cubeide/plugins/com.st.stm32cube.ide.mcu.externaltools.gnu-tools-for-stm32.10.3-2021.10.win32_1.0.0.202111181127/tools/bin/../lib/gcc/arm-none-eabi/10.3.1/../../../../arm-none-eabi/lib/thumb/v7e-m+fp/hard\libc_nano.a(lib_a-dtoa.o)
 *fill*         0x000000000800a65a        0x6 
 .text._dtoa_r  0x000000000800a660      0xbdc c:/st/stm32cubeide_1.10.1/stm32cubeide/plugins/com.st.stm32cube.ide.mcu.externaltools.gnu-tools-for-stm32.10.3-2021.10.win32_1.0.0.202111181127/tools/bin/../lib/gcc/arm-none-eabi/10.3.1/../../../../arm-none-eabi/lib/thumb/v7e-m+fp/hard\libc_nano.a(lib_a-dtoa.o)
                0x000000000800a660                _dtoa_r
 .text._localeconv_r
                0x000000000800b23c        0x8 c:/st/stm32cubeide_1.10.1/stm32cubeide/plugins/com.st.stm32cube.ide.mcu.externaltools.gnu-tools-for-stm32.10.3-2021.10.win32_1.0.0.202111181127/tools/bin/../lib/gcc/arm-none-eabi/10.3.1/../../../../arm-none-eabi/lib/thumb/v7e-m+fp/hard\libc_nano.a(lib_a-localeconv.o)
                0x000000000800b23c                _localeconv_r
 .text.malloc   0x000000000800b244       0x10 c:/st/stm32cubeide_1.10.1/stm32cubeide/plugins/com.st.stm32cube.ide.mcu.externaltools.gnu-tools-for-stm32.10.3-2021.10.win32_1.0.0.202111181127/tools/bin/../lib/gcc/arm-none-eabi/10.3.1/../../../../arm-none-eabi/lib/thumb/v7e-m+fp/hard\libc_nano.a(lib_a-malloc.o)
                0x000000000800b244                malloc
 .text._Balloc  0x000000000800b254       0x80 c:/st/stm32cubeide_1.10.1/stm32cubeide/plugins/com.st.stm32cube.ide.mcu.externaltools.gnu-tools-for-stm32.10.3-2021.10.win32_1.0.0.202111181127/tools/bin/../lib/gcc/arm-none-eabi/10.3.1/../../../../arm-none-eabi/lib/thumb/v7e-m+fp/hard\libc_nano.a(lib_a-mprec.o)
                0x000000000800b254                _Balloc
 .text._Bfree   0x000000000800b2d4       0x44 c:/st/stm32cubeide_1.10.1/stm32cubeide/plugins/com.st.stm32cube.ide.mcu.externaltools.gnu-tools-for-stm32.10.3-2021.10.win32_1.0.0.202111181127/tools/bin/../lib/gcc/arm-none-eabi/10.3.1/../../../../arm-none-eabi/lib/thumb/v7e-m+fp/hard\libc_nano.a(lib_a-mprec.o)
                0x000000000800b2d4                _Bfree
 .text.__multadd
                0x000000000800b318       0x8c c:/st/stm32cubeide_1.10.1/stm32cubeide/plugins/com.st.stm32cube.ide.mcu.externaltools.gnu-tools-for-stm32.10.3-2021.10.win32_1.0.0.202111181127/tools/bin/../lib/gcc/arm-none-eabi/10.3.1/../../../../arm-none-eabi/lib/thumb/v7e-m+fp/hard\libc_nano.a(lib_a-mprec.o)
                0x000000000800b318                __multadd
 .text.__hi0bits
                0x000000000800b3a4       0x40 c:/st/stm32cubeide_1.10.1/stm32cubeide/plugins/com.st.stm32cube.ide.mcu.externaltools.gnu-tools-for-stm32.10.3-2021.10.win32_1.0.0.202111181127/tools/bin/../lib/gcc/arm-none-eabi/10.3.1/../../../../arm-none-eabi/lib/thumb/v7e-m+fp/hard\libc_nano.a(lib_a-mprec.o)
                0x000000000800b3a4                __hi0bits
 .text.__lo0bits
                0x000000000800b3e4       0x5e c:/st/stm32cubeide_1.10.1/stm32cubeide/plugins/com.st.stm32cube.ide.mcu.externaltools.gnu-tools-for-stm32.10.3-2021.10.win32_1.0.0.202111181127/tools/bin/../lib/gcc/arm-none-eabi/10.3.1/../../../../arm-none-eabi/lib/thumb/v7e-m+fp/hard\libc_nano.a(lib_a-mprec.o)
                0x000000000800b3e4                __lo0bits
 *fill*         0x000000000800b442        0x2 
 .text.__i2b    0x000000000800b444       0x2c c:/st/stm32cubeide_1.10.1/stm32cubeide/plugins/com.st.stm32cube.ide.mcu.externaltools.gnu-tools-for-stm32.10.3-2021.10.win32_1.0.0.202111181127/tools/bin/../lib/gcc/arm-none-eabi/10.3.1/../../../../arm-none-eabi/lib/thumb/v7e-m+fp/hard\libc_nano.a(lib_a-mprec.o)
                0x000000000800b444                __i2b
 .text.__multiply
                0x000000000800b470      0x154 c:/st/stm32cubeide_1.10.1/stm32cubeide/plugins/com.st.stm32cube.ide.mcu.externaltools.gnu-tools-for-stm32.10.3-2021.10.win32_1.0.0.202111181127/tools/bin/../lib/gcc/arm-none-eabi/10.3.1/../../../../arm-none-eabi/lib/thumb/v7e-m+fp/hard\libc_nano.a(lib_a-mprec.o)
                0x000000000800b470                __multiply
 .text.__pow5mult
                0x000000000800b5c4       0xb4 c:/st/stm32cubeide_1.10.1/stm32cubeide/plugins/com.st.stm32cube.ide.mcu.externaltools.gnu-tools-for-stm32.10.3-2021.10.win32_1.0.0.202111181127/tools/bin/../lib/gcc/arm-none-eabi/10.3.1/../../../../arm-none-eabi/lib/thumb/v7e-m+fp/hard\libc_nano.a(lib_a-mprec.o)
                0x000000000800b5c4                __pow5mult
 .text.__lshift
                0x000000000800b678       0xe0 c:/st/stm32cubeide_1.10.1/stm32cubeide/plugins/com.st.stm32cube.ide.mcu.externaltools.gnu-tools-for-stm32.10.3-2021.10.win32_1.0.0.202111181127/tools/bin/../lib/gcc/arm-none-eabi/10.3.1/../../../../arm-none-eabi/lib/thumb/v7e-m+fp/hard\libc_nano.a(lib_a-mprec.o)
                0x000000000800b678                __lshift
 .text.__mcmp   0x000000000800b758       0x38 c:/st/stm32cubeide_1.10.1/stm32cubeide/plugins/com.st.stm32cube.ide.mcu.externaltools.gnu-tools-for-stm32.10.3-2021.10.win32_1.0.0.202111181127/tools/bin/../lib/gcc/arm-none-eabi/10.3.1/../../../../arm-none-eabi/lib/thumb/v7e-m+fp/hard\libc_nano.a(lib_a-mprec.o)
                0x000000000800b758                __mcmp
 .text.__mdiff  0x000000000800b790      0x114 c:/st/stm32cubeide_1.10.1/stm32cubeide/plugins/com.st.stm32cube.ide.mcu.externaltools.gnu-tools-for-stm32.10.3-2021.10.win32_1.0.0.202111181127/tools/bin/../lib/gcc/arm-none-eabi/10.3.1/../../../../arm-none-eabi/lib/thumb/v7e-m+fp/hard\libc_nano.a(lib_a-mprec.o)
                0x000000000800b790                __mdiff
 .text.__d2b    0x000000000800b8a4       0xb8 c:/st/stm32cubeide_1.10.1/stm32cubeide/plugins/com.st.stm32cube.ide.mcu.externaltools.gnu-tools-for-stm32.10.3-2021.10.win32_1.0.0.202111181127/tools/bin/../lib/gcc/arm-none-eabi/10.3.1/../../../../arm-none-eabi/lib/thumb/v7e-m+fp/hard\libc_nano.a(lib_a-mprec.o)
                0x000000000800b8a4                __d2b
 .text._calloc_r
                0x000000000800b95c       0x2c c:/st/stm32cubeide_1.10.1/stm32cubeide/plugins/com.st.stm32cube.ide.mcu.externaltools.gnu-tools-for-stm32.10.3-2021.10.win32_1.0.0.202111181127/tools/bin/../lib/gcc/arm-none-eabi/10.3.1/../../../../arm-none-eabi/lib/thumb/v7e-m+fp/hard\libc_nano.a(lib_a-nano-callocr.o)
                0x000000000800b95c                _calloc_r
 .text._free_r  0x000000000800b988       0x98 c:/st/stm32cubeide_1.10.1/stm32cubeide/plugins/com.st.stm32cube.ide.mcu.externaltools.gnu-tools-for-stm32.10.3-2021.10.win32_1.0.0.202111181127/tools/bin/../lib/gcc/arm-none-eabi/10.3.1/../../../../arm-none-eabi/lib/thumb/v7e-m+fp/hard\libc_nano.a(lib_a-nano-freer.o)
                0x000000000800b988                _free_r
 .text.sbrk_aligned
                0x000000000800ba20       0x40 c:/st/stm32cubeide_1.10.1/stm32cubeide/plugins/com.st.stm32cube.ide.mcu.externaltools.gnu-tools-for-stm32.10.3-2021.10.win32_1.0.0.202111181127/tools/bin/../lib/gcc/arm-none-eabi/10.3.1/../../../../arm-none-eabi/lib/thumb/v7e-m+fp/hard\libc_nano.a(lib_a-nano-mallocr.o)
 .text._malloc_r
                0x000000000800ba60       0xe8 c:/st/stm32cubeide_1.10.1/stm32cubeide/plugins/com.st.stm32cube.ide.mcu.externaltools.gnu-tools-for-stm32.10.3-2021.10.win32_1.0.0.202111181127/tools/bin/../lib/gcc/arm-none-eabi/10.3.1/../../../../arm-none-eabi/lib/thumb/v7e-m+fp/hard\libc_nano.a(lib_a-nano-mallocr.o)
                0x000000000800ba60                _malloc_r
 .text.__ssputs_r
                0x000000000800bb48       0xb6 c:/st/stm32cubeide_1.10.1/stm32cubeide/plugins/com.st.stm32cube.ide.mcu.externaltools.gnu-tools-for-stm32.10.3-2021.10.win32_1.0.0.202111181127/tools/bin/../lib/gcc/arm-none-eabi/10.3.1/../../../../arm-none-eabi/lib/thumb/v7e-m+fp/hard\libc_nano.a(lib_a-nano-svfprintf.o)
                0x000000000800bb48                __ssputs_r
 *fill*         0x000000000800bbfe        0x2 
 .text._svfprintf_r
                0x000000000800bc00      0x200 c:/st/stm32cubeide_1.10.1/stm32cubeide/plugins/com.st.stm32cube.ide.mcu.externaltools.gnu-tools-for-stm32.10.3-2021.10.win32_1.0.0.202111181127/tools/bin/../lib/gcc/arm-none-eabi/10.3.1/../../../../arm-none-eabi/lib/thumb/v7e-m+fp/hard\libc_nano.a(lib_a-nano-svfprintf.o)
                0x000000000800bc00                _svfiprintf_r
                0x000000000800bc00                _svfprintf_r
 .text._sbrk_r  0x000000000800be00       0x20 c:/st/stm32cubeide_1.10.1/stm32cubeide/plugins/com.st.stm32cube.ide.mcu.externaltools.gnu-tools-for-stm32.10.3-2021.10.win32_1.0.0.202111181127/tools/bin/../lib/gcc/arm-none-eabi/10.3.1/../../../../arm-none-eabi/lib/thumb/v7e-m+fp/hard\libc_nano.a(lib_a-sbrkr.o)
                0x000000000800be00                _sbrk_r
 .text.__assert_func
                0x000000000800be20       0x3c c:/st/stm32cubeide_1.10.1/stm32cubeide/plugins/com.st.stm32cube.ide.mcu.externaltools.gnu-tools-for-stm32.10.3-2021.10.win32_1.0.0.202111181127/tools/bin/../lib/gcc/arm-none-eabi/10.3.1/../../../../arm-none-eabi/lib/thumb/v7e-m+fp/hard\libc_nano.a(lib_a-assert.o)
                0x000000000800be20                __assert_func
 .text.fprintf  0x000000000800be5c       0x24 c:/st/stm32cubeide_1.10.1/stm32cubeide/plugins/com.st.stm32cube.ide.mcu.externaltools.gnu-tools-for-stm32.10.3-2021.10.win32_1.0.0.202111181127/tools/bin/../lib/gcc/arm-none-eabi/10.3.1/../../../../arm-none-eabi/lib/thumb/v7e-m+fp/hard\libc_nano.a(lib_a-fprintf.o)
                0x000000000800be5c                fiprintf
                0x000000000800be5c                fprintf
 .text.__ascii_mbtowc
                0x000000000800be80       0x24 c:/st/stm32cubeide_1.10.1/stm32cubeide/plugins/com.st.stm32cube.ide.mcu.externaltools.gnu-tools-for-stm32.10.3-2021.10.win32_1.0.0.202111181127/tools/bin/../lib/gcc/arm-none-eabi/10.3.1/../../../../arm-none-eabi/lib/thumb/v7e-m+fp/hard\libc_nano.a(lib_a-mbtowc_r.o)
                0x000000000800be80                __ascii_mbtowc
 .text.memmove  0x000000000800bea4       0x34 c:/st/stm32cubeide_1.10.1/stm32cubeide/plugins/com.st.stm32cube.ide.mcu.externaltools.gnu-tools-for-stm32.10.3-2021.10.win32_1.0.0.202111181127/tools/bin/../lib/gcc/arm-none-eabi/10.3.1/../../../../arm-none-eabi/lib/thumb/v7e-m+fp/hard\libc_nano.a(lib_a-memmove.o)
                0x000000000800bea4                memmove
 .text.__malloc_lock
                0x000000000800bed8        0xc c:/st/stm32cubeide_1.10.1/stm32cubeide/plugins/com.st.stm32cube.ide.mcu.externaltools.gnu-tools-for-stm32.10.3-2021.10.win32_1.0.0.202111181127/tools/bin/../lib/gcc/arm-none-eabi/10.3.1/../../../../arm-none-eabi/lib/thumb/v7e-m+fp/hard\libc_nano.a(lib_a-mlock.o)
                0x000000000800bed8                __malloc_lock
 .text.__malloc_unlock
                0x000000000800bee4        0xc c:/st/stm32cubeide_1.10.1/stm32cubeide/plugins/com.st.stm32cube.ide.mcu.externaltools.gnu-tools-for-stm32.10.3-2021.10.win32_1.0.0.202111181127/tools/bin/../lib/gcc/arm-none-eabi/10.3.1/../../../../arm-none-eabi/lib/thumb/v7e-m+fp/hard\libc_nano.a(lib_a-mlock.o)
                0x000000000800bee4                __malloc_unlock
 .text._realloc_r
                0x000000000800bef0       0x5e c:/st/stm32cubeide_1.10.1/stm32cubeide/plugins/com.st.stm32cube.ide.mcu.externaltools.gnu-tools-for-stm32.10.3-2021.10.win32_1.0.0.202111181127/tools/bin/../lib/gcc/arm-none-eabi/10.3.1/../../../../arm-none-eabi/lib/thumb/v7e-m+fp/hard\libc_nano.a(lib_a-nano-reallocr.o)
                0x000000000800bef0                _realloc_r
 .text.__sfputc_r
                0x000000000800bf4e       0x2e c:/st/stm32cubeide_1.10.1/stm32cubeide/plugins/com.st.stm32cube.ide.mcu.externaltools.gnu-tools-for-stm32.10.3-2021.10.win32_1.0.0.202111181127/tools/bin/../lib/gcc/arm-none-eabi/10.3.1/../../../../arm-none-eabi/lib/thumb/v7e-m+fp/hard\libc_nano.a(lib_a-nano-vfprintf.o)
 .text.__sfputs_r
                0x000000000800bf7c       0x24 c:/st/stm32cubeide_1.10.1/stm32cubeide/plugins/com.st.stm32cube.ide.mcu.externaltools.gnu-tools-for-stm32.10.3-2021.10.win32_1.0.0.202111181127/tools/bin/../lib/gcc/arm-none-eabi/10.3.1/../../../../arm-none-eabi/lib/thumb/v7e-m+fp/hard\libc_nano.a(lib_a-nano-vfprintf.o)
                0x000000000800bf7c                __sfputs_r
 .text._vfprintf_r
                0x000000000800bfa0      0x260 c:/st/stm32cubeide_1.10.1/stm32cubeide/plugins/com.st.stm32cube.ide.mcu.externaltools.gnu-tools-for-stm32.10.3-2021.10.win32_1.0.0.202111181127/tools/bin/../lib/gcc/arm-none-eabi/10.3.1/../../../../arm-none-eabi/lib/thumb/v7e-m+fp/hard\libc_nano.a(lib_a-nano-vfprintf.o)
                0x000000000800bfa0                _vfprintf_r
                0x000000000800bfa0                _vfiprintf_r
 .text.__swbuf_r
                0x000000000800c200       0xa4 c:/st/stm32cubeide_1.10.1/stm32cubeide/plugins/com.st.stm32cube.ide.mcu.externaltools.gnu-tools-for-stm32.10.3-2021.10.win32_1.0.0.202111181127/tools/bin/../lib/gcc/arm-none-eabi/10.3.1/../../../../arm-none-eabi/lib/thumb/v7e-m+fp/hard\libc_nano.a(lib_a-wbuf.o)
                0x000000000800c200                __swbuf_r
 .text.__ascii_wctomb
                0x000000000800c2a4       0x1a c:/st/stm32cubeide_1.10.1/stm32cubeide/plugins/com.st.stm32cube.ide.mcu.externaltools.gnu-tools-for-stm32.10.3-2021.10.win32_1.0.0.202111181127/tools/bin/../lib/gcc/arm-none-eabi/10.3.1/../../../../arm-none-eabi/lib/thumb/v7e-m+fp/hard\libc_nano.a(lib_a-wctomb_r.o)
                0x000000000800c2a4                __ascii_wctomb
 *fill*         0x000000000800c2be        0x2 
 .text.__swsetup_r
                0x000000000800c2c0       0xdc c:/st/stm32cubeide_1.10.1/stm32cubeide/plugins/com.st.stm32cube.ide.mcu.externaltools.gnu-tools-for-stm32.10.3-2021.10.win32_1.0.0.202111181127/tools/bin/../lib/gcc/arm-none-eabi/10.3.1/../../../../arm-none-eabi/lib/thumb/v7e-m+fp/hard\libc_nano.a(lib_a-wsetup.o)
                0x000000000800c2c0                __swsetup_r
 .text.abort    0x000000000800c39c        0xe c:/st/stm32cubeide_1.10.1/stm32cubeide/plugins/com.st.stm32cube.ide.mcu.externaltools.gnu-tools-for-stm32.10.3-2021.10.win32_1.0.0.202111181127/tools/bin/../lib/gcc/arm-none-eabi/10.3.1/../../../../arm-none-eabi/lib/thumb/v7e-m+fp/hard\libc_nano.a(lib_a-abort.o)
                0x000000000800c39c                abort
 *fill*         0x000000000800c3aa        0x2 
 .text.__sflush_r
                0x000000000800c3ac      0x10c c:/st/stm32cubeide_1.10.1/stm32cubeide/plugins/com.st.stm32cube.ide.mcu.externaltools.gnu-tools-for-stm32.10.3-2021.10.win32_1.0.0.202111181127/tools/bin/../lib/gcc/arm-none-eabi/10.3.1/../../../../arm-none-eabi/lib/thumb/v7e-m+fp/hard\libc_nano.a(lib_a-fflush.o)
                0x000000000800c3ac                __sflush_r
 .text._fflush_r
                0x000000000800c4b8       0x78 c:/st/stm32cubeide_1.10.1/stm32cubeide/plugins/com.st.stm32cube.ide.mcu.externaltools.gnu-tools-for-stm32.10.3-2021.10.win32_1.0.0.202111181127/tools/bin/../lib/gcc/arm-none-eabi/10.3.1/../../../../arm-none-eabi/lib/thumb/v7e-m+fp/hard\libc_nano.a(lib_a-fflush.o)
                0x000000000800c4b8                _fflush_r
 .text.std      0x000000000800c530       0x48 c:/st/stm32cubeide_1.10.1/stm32cubeide/plugins/com.st.stm32cube.ide.mcu.externaltools.gnu-tools-for-stm32.10.3-2021.10.win32_1.0.0.202111181127/tools/bin/../lib/gcc/arm-none-eabi/10.3.1/../../../../arm-none-eabi/lib/thumb/v7e-m+fp/hard\libc_nano.a(lib_a-findfp.o)
 .text._cleanup_r
                0x000000000800c578        0xc c:/st/stm32cubeide_1.10.1/stm32cubeide/plugins/com.st.stm32cube.ide.mcu.externaltools.gnu-tools-for-stm32.10.3-2021.10.win32_1.0.0.202111181127/tools/bin/../lib/gcc/arm-none-eabi/10.3.1/../../../../arm-none-eabi/lib/thumb/v7e-m+fp/hard\libc_nano.a(lib_a-findfp.o)
                0x000000000800c578                _cleanup_r
 .text.__sfmoreglue
                0x000000000800c584       0x2c c:/st/stm32cubeide_1.10.1/stm32cubeide/plugins/com.st.stm32cube.ide.mcu.externaltools.gnu-tools-for-stm32.10.3-2021.10.win32_1.0.0.202111181127/tools/bin/../lib/gcc/arm-none-eabi/10.3.1/../../../../arm-none-eabi/lib/thumb/v7e-m+fp/hard\libc_nano.a(lib_a-findfp.o)
                0x000000000800c584                __sfmoreglue
 .text.__sfp_lock_acquire
                0x000000000800c5b0        0xc c:/st/stm32cubeide_1.10.1/stm32cubeide/plugins/com.st.stm32cube.ide.mcu.externaltools.gnu-tools-for-stm32.10.3-2021.10.win32_1.0.0.202111181127/tools/bin/../lib/gcc/arm-none-eabi/10.3.1/../../../../arm-none-eabi/lib/thumb/v7e-m+fp/hard\libc_nano.a(lib_a-findfp.o)
                0x000000000800c5b0                __sfp_lock_acquire
 .text.__sfp_lock_release
                0x000000000800c5bc        0xc c:/st/stm32cubeide_1.10.1/stm32cubeide/plugins/com.st.stm32cube.ide.mcu.externaltools.gnu-tools-for-stm32.10.3-2021.10.win32_1.0.0.202111181127/tools/bin/../lib/gcc/arm-none-eabi/10.3.1/../../../../arm-none-eabi/lib/thumb/v7e-m+fp/hard\libc_nano.a(lib_a-findfp.o)
                0x000000000800c5bc                __sfp_lock_release
 .text.__sinit_lock_acquire
                0x000000000800c5c8        0xc c:/st/stm32cubeide_1.10.1/stm32cubeide/plugins/com.st.stm32cube.ide.mcu.externaltools.gnu-tools-for-stm32.10.3-2021.10.win32_1.0.0.202111181127/tools/bin/../lib/gcc/arm-none-eabi/10.3.1/../../../../arm-none-eabi/lib/thumb/v7e-m+fp/hard\libc_nano.a(lib_a-findfp.o)
                0x000000000800c5c8                __sinit_lock_acquire
 .text.__sinit_lock_release
                0x000000000800c5d4        0xc c:/st/stm32cubeide_1.10.1/stm32cubeide/plugins/com.st.stm32cube.ide.mcu.externaltools.gnu-tools-for-stm32.10.3-2021.10.win32_1.0.0.202111181127/tools/bin/../lib/gcc/arm-none-eabi/10.3.1/../../../../arm-none-eabi/lib/thumb/v7e-m+fp/hard\libc_nano.a(lib_a-findfp.o)
                0x000000000800c5d4                __sinit_lock_release
 .text.__sinit  0x000000000800c5e0       0x70 c:/st/stm32cubeide_1.10.1/stm32cubeide/plugins/com.st.stm32cube.ide.mcu.externaltools.gnu-tools-for-stm32.10.3-2021.10.win32_1.0.0.202111181127/tools/bin/../lib/gcc/arm-none-eabi/10.3.1/../../../../arm-none-eabi/lib/thumb/v7e-m+fp/hard\libc_nano.a(lib_a-findfp.o)
                0x000000000800c5e0                __sinit
 .text.__sfp    0x000000000800c650       0x8c c:/st/stm32cubeide_1.10.1/stm32cubeide/plugins/com.st.stm32cube.ide.mcu.externaltools.gnu-tools-for-stm32.10.3-2021.10.win32_1.0.0.202111181127/tools/bin/../lib/gcc/arm-none-eabi/10.3.1/../../../../arm-none-eabi/lib/thumb/v7e-m+fp/hard\libc_nano.a(lib_a-findfp.o)
                0x000000000800c650                __sfp
 .text._fwalk_reent
                0x000000000800c6dc       0x3e c:/st/stm32cubeide_1.10.1/stm32cubeide/plugins/com.st.stm32cube.ide.mcu.externaltools.gnu-tools-for-stm32.10.3-2021.10.win32_1.0.0.202111181127/tools/bin/../lib/gcc/arm-none-eabi/10.3.1/../../../../arm-none-eabi/lib/thumb/v7e-m+fp/hard\libc_nano.a(lib_a-fwalk.o)
                0x000000000800c6dc                _fwalk_reent
 .text.__retarget_lock_init_recursive
                0x000000000800c71a        0x2 c:/st/stm32cubeide_1.10.1/stm32cubeide/plugins/com.st.stm32cube.ide.mcu.externaltools.gnu-tools-for-stm32.10.3-2021.10.win32_1.0.0.202111181127/tools/bin/../lib/gcc/arm-none-eabi/10.3.1/../../../../arm-none-eabi/lib/thumb/v7e-m+fp/hard\libc_nano.a(lib_a-lock.o)
                0x000000000800c71a                __retarget_lock_init_recursive
 .text.__retarget_lock_acquire_recursive
                0x000000000800c71c        0x2 c:/st/stm32cubeide_1.10.1/stm32cubeide/plugins/com.st.stm32cube.ide.mcu.externaltools.gnu-tools-for-stm32.10.3-2021.10.win32_1.0.0.202111181127/tools/bin/../lib/gcc/arm-none-eabi/10.3.1/../../../../arm-none-eabi/lib/thumb/v7e-m+fp/hard\libc_nano.a(lib_a-lock.o)
                0x000000000800c71c                __retarget_lock_acquire_recursive
 .text.__retarget_lock_release_recursive
                0x000000000800c71e        0x2 c:/st/stm32cubeide_1.10.1/stm32cubeide/plugins/com.st.stm32cube.ide.mcu.externaltools.gnu-tools-for-stm32.10.3-2021.10.win32_1.0.0.202111181127/tools/bin/../lib/gcc/arm-none-eabi/10.3.1/../../../../arm-none-eabi/lib/thumb/v7e-m+fp/hard\libc_nano.a(lib_a-lock.o)
                0x000000000800c71e                __retarget_lock_release_recursive
 .text.__swhatbuf_r
                0x000000000800c720       0x4a c:/st/stm32cubeide_1.10.1/stm32cubeide/plugins/com.st.stm32cube.ide.mcu.externaltools.gnu-tools-for-stm32.10.3-2021.10.win32_1.0.0.202111181127/tools/bin/../lib/gcc/arm-none-eabi/10.3.1/../../../../arm-none-eabi/lib/thumb/v7e-m+fp/hard\libc_nano.a(lib_a-makebuf.o)
                0x000000000800c720                __swhatbuf_r
 *fill*         0x000000000800c76a        0x2 
 .text.__smakebuf_r
                0x000000000800c76c       0x80 c:/st/stm32cubeide_1.10.1/stm32cubeide/plugins/com.st.stm32cube.ide.mcu.externaltools.gnu-tools-for-stm32.10.3-2021.10.win32_1.0.0.202111181127/tools/bin/../lib/gcc/arm-none-eabi/10.3.1/../../../../arm-none-eabi/lib/thumb/v7e-m+fp/hard\libc_nano.a(lib_a-makebuf.o)
                0x000000000800c76c                __smakebuf_r
 .text._malloc_usable_size_r
                0x000000000800c7ec       0x10 c:/st/stm32cubeide_1.10.1/stm32cubeide/plugins/com.st.stm32cube.ide.mcu.externaltools.gnu-tools-for-stm32.10.3-2021.10.win32_1.0.0.202111181127/tools/bin/../lib/gcc/arm-none-eabi/10.3.1/../../../../arm-none-eabi/lib/thumb/v7e-m+fp/hard\libc_nano.a(lib_a-nano-msizer.o)
                0x000000000800c7ec                _malloc_usable_size_r
 .text._raise_r
                0x000000000800c7fc       0x50 c:/st/stm32cubeide_1.10.1/stm32cubeide/plugins/com.st.stm32cube.ide.mcu.externaltools.gnu-tools-for-stm32.10.3-2021.10.win32_1.0.0.202111181127/tools/bin/../lib/gcc/arm-none-eabi/10.3.1/../../../../arm-none-eabi/lib/thumb/v7e-m+fp/hard\libc_nano.a(lib_a-signal.o)
                0x000000000800c7fc                _raise_r
 .text.raise    0x000000000800c84c       0x10 c:/st/stm32cubeide_1.10.1/stm32cubeide/plugins/com.st.stm32cube.ide.mcu.externaltools.gnu-tools-for-stm32.10.3-2021.10.win32_1.0.0.202111181127/tools/bin/../lib/gcc/arm-none-eabi/10.3.1/../../../../arm-none-eabi/lib/thumb/v7e-m+fp/hard\libc_nano.a(lib_a-signal.o)
                0x000000000800c84c                raise
 .text._kill_r  0x000000000800c85c       0x24 c:/st/stm32cubeide_1.10.1/stm32cubeide/plugins/com.st.stm32cube.ide.mcu.externaltools.gnu-tools-for-stm32.10.3-2021.10.win32_1.0.0.202111181127/tools/bin/../lib/gcc/arm-none-eabi/10.3.1/../../../../arm-none-eabi/lib/thumb/v7e-m+fp/hard\libc_nano.a(lib_a-signalr.o)
                0x000000000800c85c                _kill_r
 .text._getpid_r
                0x000000000800c880        0x4 c:/st/stm32cubeide_1.10.1/stm32cubeide/plugins/com.st.stm32cube.ide.mcu.externaltools.gnu-tools-for-stm32.10.3-2021.10.win32_1.0.0.202111181127/tools/bin/../lib/gcc/arm-none-eabi/10.3.1/../../../../arm-none-eabi/lib/thumb/v7e-m+fp/hard\libc_nano.a(lib_a-signalr.o)
                0x000000000800c880                _getpid_r
 .text.__sread  0x000000000800c884       0x22 c:/st/stm32cubeide_1.10.1/stm32cubeide/plugins/com.st.stm32cube.ide.mcu.externaltools.gnu-tools-for-stm32.10.3-2021.10.win32_1.0.0.202111181127/tools/bin/../lib/gcc/arm-none-eabi/10.3.1/../../../../arm-none-eabi/lib/thumb/v7e-m+fp/hard\libc_nano.a(lib_a-stdio.o)
                0x000000000800c884                __sread
 .text.__swrite
                0x000000000800c8a6       0x38 c:/st/stm32cubeide_1.10.1/stm32cubeide/plugins/com.st.stm32cube.ide.mcu.externaltools.gnu-tools-for-stm32.10.3-2021.10.win32_1.0.0.202111181127/tools/bin/../lib/gcc/arm-none-eabi/10.3.1/../../../../arm-none-eabi/lib/thumb/v7e-m+fp/hard\libc_nano.a(lib_a-stdio.o)
                0x000000000800c8a6                __swrite
 .text.__sseek  0x000000000800c8de       0x24 c:/st/stm32cubeide_1.10.1/stm32cubeide/plugins/com.st.stm32cube.ide.mcu.externaltools.gnu-tools-for-stm32.10.3-2021.10.win32_1.0.0.202111181127/tools/bin/../lib/gcc/arm-none-eabi/10.3.1/../../../../arm-none-eabi/lib/thumb/v7e-m+fp/hard\libc_nano.a(lib_a-stdio.o)
                0x000000000800c8de                __sseek
 .text.__sclose
                0x000000000800c902        0x8 c:/st/stm32cubeide_1.10.1/stm32cubeide/plugins/com.st.stm32cube.ide.mcu.externaltools.gnu-tools-for-stm32.10.3-2021.10.win32_1.0.0.202111181127/tools/bin/../lib/gcc/arm-none-eabi/10.3.1/../../../../arm-none-eabi/lib/thumb/v7e-m+fp/hard\libc_nano.a(lib_a-stdio.o)
                0x000000000800c902                __sclose
 *fill*         0x000000000800c90a        0x2 
 .text._write_r
                0x000000000800c90c       0x24 c:/st/stm32cubeide_1.10.1/stm32cubeide/plugins/com.st.stm32cube.ide.mcu.externaltools.gnu-tools-for-stm32.10.3-2021.10.win32_1.0.0.202111181127/tools/bin/../lib/gcc/arm-none-eabi/10.3.1/../../../../arm-none-eabi/lib/thumb/v7e-m+fp/hard\libc_nano.a(lib_a-writer.o)
                0x000000000800c90c                _write_r
 .text._close_r
                0x000000000800c930       0x20 c:/st/stm32cubeide_1.10.1/stm32cubeide/plugins/com.st.stm32cube.ide.mcu.externaltools.gnu-tools-for-stm32.10.3-2021.10.win32_1.0.0.202111181127/tools/bin/../lib/gcc/arm-none-eabi/10.3.1/../../../../arm-none-eabi/lib/thumb/v7e-m+fp/hard\libc_nano.a(lib_a-closer.o)
                0x000000000800c930                _close_r
 .text._fstat_r
                0x000000000800c950       0x24 c:/st/stm32cubeide_1.10.1/stm32cubeide/plugins/com.st.stm32cube.ide.mcu.externaltools.gnu-tools-for-stm32.10.3-2021.10.win32_1.0.0.202111181127/tools/bin/../lib/gcc/arm-none-eabi/10.3.1/../../../../arm-none-eabi/lib/thumb/v7e-m+fp/hard\libc_nano.a(lib_a-fstatr.o)
                0x000000000800c950                _fstat_r
 .text._isatty_r
                0x000000000800c974       0x20 c:/st/stm32cubeide_1.10.1/stm32cubeide/plugins/com.st.stm32cube.ide.mcu.externaltools.gnu-tools-for-stm32.10.3-2021.10.win32_1.0.0.202111181127/tools/bin/../lib/gcc/arm-none-eabi/10.3.1/../../../../arm-none-eabi/lib/thumb/v7e-m+fp/hard\libc_nano.a(lib_a-isattyr.o)
                0x000000000800c974                _isatty_r
 .text._lseek_r
                0x000000000800c994       0x24 c:/st/stm32cubeide_1.10.1/stm32cubeide/plugins/com.st.stm32cube.ide.mcu.externaltools.gnu-tools-for-stm32.10.3-2021.10.win32_1.0.0.202111181127/tools/bin/../lib/gcc/arm-none-eabi/10.3.1/../../../../arm-none-eabi/lib/thumb/v7e-m+fp/hard\libc_nano.a(lib_a-lseekr.o)
                0x000000000800c994                _lseek_r
 .text._read_r  0x000000000800c9b8       0x24 c:/st/stm32cubeide_1.10.1/stm32cubeide/plugins/com.st.stm32cube.ide.mcu.externaltools.gnu-tools-for-stm32.10.3-2021.10.win32_1.0.0.202111181127/tools/bin/../lib/gcc/arm-none-eabi/10.3.1/../../../../arm-none-eabi/lib/thumb/v7e-m+fp/hard\libc_nano.a(lib_a-readr.o)
                0x000000000800c9b8                _read_r
 *(.glue_7)
 .glue_7        0x000000000800c9dc        0x0 linker stubs
 *(.glue_7t)
 .glue_7t       0x000000000800c9dc        0x0 linker stubs
 *(.eh_frame)
 .eh_frame      0x000000000800c9dc        0x0 c:/st/stm32cubeide_1.10.1/stm32cubeide/plugins/com.st.stm32cube.ide.mcu.externaltools.gnu-tools-for-stm32.10.3-2021.10.win32_1.0.0.202111181127/tools/bin/../lib/gcc/arm-none-eabi/10.3.1/thumb/v7e-m+fp/hard/crtbegin.o
 *(.init)
 .init          0x000000000800c9dc        0x4 c:/st/stm32cubeide_1.10.1/stm32cubeide/plugins/com.st.stm32cube.ide.mcu.externaltools.gnu-tools-for-stm32.10.3-2021.10.win32_1.0.0.202111181127/tools/bin/../lib/gcc/arm-none-eabi/10.3.1/thumb/v7e-m+fp/hard/crti.o
                0x000000000800c9dc                _init
 .init          0x000000000800c9e0        0x8 c:/st/stm32cubeide_1.10.1/stm32cubeide/plugins/com.st.stm32cube.ide.mcu.externaltools.gnu-tools-for-stm32.10.3-2021.10.win32_1.0.0.202111181127/tools/bin/../lib/gcc/arm-none-eabi/10.3.1/thumb/v7e-m+fp/hard/crtn.o
 *(.fini)
 .fini          0x000000000800c9e8        0x4 c:/st/stm32cubeide_1.10.1/stm32cubeide/plugins/com.st.stm32cube.ide.mcu.externaltools.gnu-tools-for-stm32.10.3-2021.10.win32_1.0.0.202111181127/tools/bin/../lib/gcc/arm-none-eabi/10.3.1/thumb/v7e-m+fp/hard/crti.o
                0x000000000800c9e8                _fini
 .fini          0x000000000800c9ec        0x8 c:/st/stm32cubeide_1.10.1/stm32cubeide/plugins/com.st.stm32cube.ide.mcu.externaltools.gnu-tools-for-stm32.10.3-2021.10.win32_1.0.0.202111181127/tools/bin/../lib/gcc/arm-none-eabi/10.3.1/thumb/v7e-m+fp/hard/crtn.o
                0x000000000800c9f4                . = ALIGN (0x4)
                0x000000000800c9f4                _etext = .

.vfp11_veneer   0x000000000800c9f4        0x0
 .vfp11_veneer  0x000000000800c9f4        0x0 linker stubs

.v4_bx          0x000000000800c9f4        0x0
 .v4_bx         0x000000000800c9f4        0x0 linker stubs

.iplt           0x000000000800c9f4        0x0
 .iplt          0x000000000800c9f4        0x0 c:/st/stm32cubeide_1.10.1/stm32cubeide/plugins/com.st.stm32cube.ide.mcu.externaltools.gnu-tools-for-stm32.10.3-2021.10.win32_1.0.0.202111181127/tools/bin/../lib/gcc/arm-none-eabi/10.3.1/thumb/v7e-m+fp/hard/crtbegin.o

.rodata         0x000000000800c9f8      0x7c4
                0x000000000800c9f8                . = ALIGN (0x4)
 *(.rodata)
 .rodata        0x000000000800c9f8       0x9a ./Core/Src/bme680.o
 *fill*         0x000000000800ca92        0x2 
 .rodata        0x000000000800ca94      0x31c ./Core/Src/main.o
 .rodata        0x000000000800cdb0        0x5 ./workable_common/ThirdParty/FreeRTOS/tasks.o
 *fill*         0x000000000800cdb5        0x3 
 .rodata        0x000000000800cdb8        0xd ./workable_common/ThirdParty/FreeRTOS/timers.o
 *(.rodata*)
 *fill*         0x000000000800cdc5        0x3 
 .rodata.AHBPrescTable
                0x000000000800cdc8       0x10 ./Core/Src/system_stm32f4xx.o
                0x000000000800cdc8                AHBPrescTable
 .rodata.APBPrescTable
                0x000000000800cdd8        0x8 ./Core/Src/system_stm32f4xx.o
                0x000000000800cdd8                APBPrescTable
 .rodata._global_impure_ptr
                0x000000000800cde0        0x4 c:/st/stm32cubeide_1.10.1/stm32cubeide/plugins/com.st.stm32cube.ide.mcu.externaltools.gnu-tools-for-stm32.10.3-2021.10.win32_1.0.0.202111181127/tools/bin/../lib/gcc/arm-none-eabi/10.3.1/../../../../arm-none-eabi/lib/thumb/v7e-m+fp/hard\libc_nano.a(lib_a-impure.o)
                0x000000000800cde0                _global_impure_ptr
 .rodata._printf_float.str1.1
                0x000000000800cde4       0x12 c:/st/stm32cubeide_1.10.1/stm32cubeide/plugins/com.st.stm32cube.ide.mcu.externaltools.gnu-tools-for-stm32.10.3-2021.10.win32_1.0.0.202111181127/tools/bin/../lib/gcc/arm-none-eabi/10.3.1/../../../../arm-none-eabi/lib/thumb/v7e-m+fp/hard\libc_nano.a(lib_a-nano-vfprintf_float.o)
 .rodata._printf_i.str1.1
                0x000000000800cdf6       0x22 c:/st/stm32cubeide_1.10.1/stm32cubeide/plugins/com.st.stm32cube.ide.mcu.externaltools.gnu-tools-for-stm32.10.3-2021.10.win32_1.0.0.202111181127/tools/bin/../lib/gcc/arm-none-eabi/10.3.1/../../../../arm-none-eabi/lib/thumb/v7e-m+fp/hard\libc_nano.a(lib_a-nano-vfprintf_i.o)
 .rodata._dtoa_r.str1.1
                0x000000000800ce18       0x90 c:/st/stm32cubeide_1.10.1/stm32cubeide/plugins/com.st.stm32cube.ide.mcu.externaltools.gnu-tools-for-stm32.10.3-2021.10.win32_1.0.0.202111181127/tools/bin/../lib/gcc/arm-none-eabi/10.3.1/../../../../arm-none-eabi/lib/thumb/v7e-m+fp/hard\libc_nano.a(lib_a-dtoa.o)
                                         0x92 (size before relaxing)
 .rodata._Balloc.str1.1
                0x000000000800cea8       0x5c c:/st/stm32cubeide_1.10.1/stm32cubeide/plugins/com.st.stm32cube.ide.mcu.externaltools.gnu-tools-for-stm32.10.3-2021.10.win32_1.0.0.202111181127/tools/bin/../lib/gcc/arm-none-eabi/10.3.1/../../../../arm-none-eabi/lib/thumb/v7e-m+fp/hard\libc_nano.a(lib_a-mprec.o)
                                         0x73 (size before relaxing)
 .rodata.__multadd.str1.1
                0x000000000800cf04       0x11 c:/st/stm32cubeide_1.10.1/stm32cubeide/plugins/com.st.stm32cube.ide.mcu.externaltools.gnu-tools-for-stm32.10.3-2021.10.win32_1.0.0.202111181127/tools/bin/../lib/gcc/arm-none-eabi/10.3.1/../../../../arm-none-eabi/lib/thumb/v7e-m+fp/hard\libc_nano.a(lib_a-mprec.o)
 *fill*         0x000000000800cf04        0x4 
 .rodata.__mprec_bigtens
                0x000000000800cf08       0x28 c:/st/stm32cubeide_1.10.1/stm32cubeide/plugins/com.st.stm32cube.ide.mcu.externaltools.gnu-tools-for-stm32.10.3-2021.10.win32_1.0.0.202111181127/tools/bin/../lib/gcc/arm-none-eabi/10.3.1/../../../../arm-none-eabi/lib/thumb/v7e-m+fp/hard\libc_nano.a(lib_a-mprec.o)
                0x000000000800cf08                __mprec_bigtens
 .rodata.__mprec_tens
                0x000000000800cf30       0xc8 c:/st/stm32cubeide_1.10.1/stm32cubeide/plugins/com.st.stm32cube.ide.mcu.externaltools.gnu-tools-for-stm32.10.3-2021.10.win32_1.0.0.202111181127/tools/bin/../lib/gcc/arm-none-eabi/10.3.1/../../../../arm-none-eabi/lib/thumb/v7e-m+fp/hard\libc_nano.a(lib_a-mprec.o)
                0x000000000800cf30                __mprec_tens
 .rodata.p05.0  0x000000000800cff8        0xc c:/st/stm32cubeide_1.10.1/stm32cubeide/plugins/com.st.stm32cube.ide.mcu.externaltools.gnu-tools-for-stm32.10.3-2021.10.win32_1.0.0.202111181127/tools/bin/../lib/gcc/arm-none-eabi/10.3.1/../../../../arm-none-eabi/lib/thumb/v7e-m+fp/hard\libc_nano.a(lib_a-mprec.o)
 .rodata._svfprintf_r.str1.1
                0x000000000800d004       0x11 c:/st/stm32cubeide_1.10.1/stm32cubeide/plugins/com.st.stm32cube.ide.mcu.externaltools.gnu-tools-for-stm32.10.3-2021.10.win32_1.0.0.202111181127/tools/bin/../lib/gcc/arm-none-eabi/10.3.1/../../../../arm-none-eabi/lib/thumb/v7e-m+fp/hard\libc_nano.a(lib_a-nano-svfprintf.o)
 .rodata.__assert_func.str1.1
                0x000000000800d015       0x3c c:/st/stm32cubeide_1.10.1/stm32cubeide/plugins/com.st.stm32cube.ide.mcu.externaltools.gnu-tools-for-stm32.10.3-2021.10.win32_1.0.0.202111181127/tools/bin/../lib/gcc/arm-none-eabi/10.3.1/../../../../arm-none-eabi/lib/thumb/v7e-m+fp/hard\libc_nano.a(lib_a-assert.o)
                                         0x3d (size before relaxing)
 .rodata._setlocale_r.str1.1
                0x000000000800d051        0x8 c:/st/stm32cubeide_1.10.1/stm32cubeide/plugins/com.st.stm32cube.ide.mcu.externaltools.gnu-tools-for-stm32.10.3-2021.10.win32_1.0.0.202111181127/tools/bin/../lib/gcc/arm-none-eabi/10.3.1/../../../../arm-none-eabi/lib/thumb/v7e-m+fp/hard\libc_nano.a(lib_a-locale.o)
                                          0x9 (size before relaxing)
 .rodata.str1.1
                0x000000000800d059        0x2 c:/st/stm32cubeide_1.10.1/stm32cubeide/plugins/com.st.stm32cube.ide.mcu.externaltools.gnu-tools-for-stm32.10.3-2021.10.win32_1.0.0.202111181127/tools/bin/../lib/gcc/arm-none-eabi/10.3.1/../../../../arm-none-eabi/lib/thumb/v7e-m+fp/hard\libc_nano.a(lib_a-locale.o)
 .rodata._vfprintf_r.str1.1
                0x000000000800d05b       0x11 c:/st/stm32cubeide_1.10.1/stm32cubeide/plugins/com.st.stm32cube.ide.mcu.externaltools.gnu-tools-for-stm32.10.3-2021.10.win32_1.0.0.202111181127/tools/bin/../lib/gcc/arm-none-eabi/10.3.1/../../../../arm-none-eabi/lib/thumb/v7e-m+fp/hard\libc_nano.a(lib_a-nano-vfprintf.o)
 .rodata._ctype_
                0x000000000800d05b      0x101 c:/st/stm32cubeide_1.10.1/stm32cubeide/plugins/com.st.stm32cube.ide.mcu.externaltools.gnu-tools-for-stm32.10.3-2021.10.win32_1.0.0.202111181127/tools/bin/../lib/gcc/arm-none-eabi/10.3.1/../../../../arm-none-eabi/lib/thumb/v7e-m+fp/hard\libc_nano.a(lib_a-ctype_.o)
                0x000000000800d05b                _ctype_
 .rodata.__sf_fake_stderr
                0x000000000800d15c       0x20 c:/st/stm32cubeide_1.10.1/stm32cubeide/plugins/com.st.stm32cube.ide.mcu.externaltools.gnu-tools-for-stm32.10.3-2021.10.win32_1.0.0.202111181127/tools/bin/../lib/gcc/arm-none-eabi/10.3.1/../../../../arm-none-eabi/lib/thumb/v7e-m+fp/hard\libc_nano.a(lib_a-findfp.o)
                0x000000000800d15c                __sf_fake_stderr
 .rodata.__sf_fake_stdin
                0x000000000800d17c       0x20 c:/st/stm32cubeide_1.10.1/stm32cubeide/plugins/com.st.stm32cube.ide.mcu.externaltools.gnu-tools-for-stm32.10.3-2021.10.win32_1.0.0.202111181127/tools/bin/../lib/gcc/arm-none-eabi/10.3.1/../../../../arm-none-eabi/lib/thumb/v7e-m+fp/hard\libc_nano.a(lib_a-findfp.o)
                0x000000000800d17c                __sf_fake_stdin
 .rodata.__sf_fake_stdout
                0x000000000800d19c       0x20 c:/st/stm32cubeide_1.10.1/stm32cubeide/plugins/com.st.stm32cube.ide.mcu.externaltools.gnu-tools-for-stm32.10.3-2021.10.win32_1.0.0.202111181127/tools/bin/../lib/gcc/arm-none-eabi/10.3.1/../../../../arm-none-eabi/lib/thumb/v7e-m+fp/hard\libc_nano.a(lib_a-findfp.o)
                0x000000000800d19c                __sf_fake_stdout
                0x000000000800d1bc                . = ALIGN (0x4)

.ARM.extab      0x000000000800d1bc        0x0
                0x000000000800d1bc                . = ALIGN (0x4)
 *(.ARM.extab* .gnu.linkonce.armextab.*)
                0x000000000800d1bc                . = ALIGN (0x4)

.ARM            0x000000000800d1bc        0x8
                0x000000000800d1bc                . = ALIGN (0x4)
                0x000000000800d1bc                __exidx_start = .
 *(.ARM.exidx*)
 .ARM.exidx     0x000000000800d1bc        0x8 c:/st/stm32cubeide_1.10.1/stm32cubeide/plugins/com.st.stm32cube.ide.mcu.externaltools.gnu-tools-for-stm32.10.3-2021.10.win32_1.0.0.202111181127/tools/bin/../lib/gcc/arm-none-eabi/10.3.1/thumb/v7e-m+fp/hard\libgcc.a(_udivmoddi4.o)
                0x000000000800d1c4                __exidx_end = .
                0x000000000800d1c4                . = ALIGN (0x4)

.rel.dyn        0x000000000800d1c4        0x0
 .rel.iplt      0x000000000800d1c4        0x0 c:/st/stm32cubeide_1.10.1/stm32cubeide/plugins/com.st.stm32cube.ide.mcu.externaltools.gnu-tools-for-stm32.10.3-2021.10.win32_1.0.0.202111181127/tools/bin/../lib/gcc/arm-none-eabi/10.3.1/thumb/v7e-m+fp/hard/crtbegin.o

.preinit_array  0x000000000800d1c4        0x0
                0x000000000800d1c4                . = ALIGN (0x4)
                0x000000000800d1c4                PROVIDE (__preinit_array_start = .)
 *(.preinit_array*)
                0x000000000800d1c4                PROVIDE (__preinit_array_end = .)
                0x000000000800d1c4                . = ALIGN (0x4)

.init_array     0x000000000800d1c4        0x4
                0x000000000800d1c4                . = ALIGN (0x4)
                0x000000000800d1c4                PROVIDE (__init_array_start = .)
 *(SORT_BY_NAME(.init_array.*))
 *(.init_array*)
 .init_array    0x000000000800d1c4        0x4 c:/st/stm32cubeide_1.10.1/stm32cubeide/plugins/com.st.stm32cube.ide.mcu.externaltools.gnu-tools-for-stm32.10.3-2021.10.win32_1.0.0.202111181127/tools/bin/../lib/gcc/arm-none-eabi/10.3.1/thumb/v7e-m+fp/hard/crtbegin.o
                0x000000000800d1c8                PROVIDE (__init_array_end = .)
                0x000000000800d1c8                . = ALIGN (0x4)

.fini_array     0x000000000800d1c8        0x4
                0x000000000800d1c8                . = ALIGN (0x4)
                [!provide]                        PROVIDE (__fini_array_start = .)
 *(SORT_BY_NAME(.fini_array.*))
 *(.fini_array*)
 .fini_array    0x000000000800d1c8        0x4 c:/st/stm32cubeide_1.10.1/stm32cubeide/plugins/com.st.stm32cube.ide.mcu.externaltools.gnu-tools-for-stm32.10.3-2021.10.win32_1.0.0.202111181127/tools/bin/../lib/gcc/arm-none-eabi/10.3.1/thumb/v7e-m+fp/hard/crtbegin.o
                [!provide]                        PROVIDE (__fini_array_end = .)
                0x000000000800d1cc                . = ALIGN (0x4)
                0x000000000800d1cc                _sidata = LOADADDR (.data)

.data           0x0000000020000000      0x204 load address 0x000000000800d1cc
                0x0000000020000000                . = ALIGN (0x4)
                0x0000000020000000                _sdata = .
 *(.data)
 *(.data*)
 .data.init_fail
                0x0000000020000000        0x4 ./Core/Src/main.o
                0x0000000020000000                init_fail
 .data.init_suc
                0x0000000020000004        0x4 ./Core/Src/main.o
                0x0000000020000004                init_suc
 .data.conf_failt
                0x0000000020000008        0x4 ./Core/Src/main.o
                0x0000000020000008                conf_failt
 .data.conf_suc
                0x000000002000000c        0x4 ./Core/Src/main.o
                0x000000002000000c                conf_suc
 .data.htr_conf_fail
                0x0000000020000010        0x4 ./Core/Src/main.o
                0x0000000020000010                htr_conf_fail
 .data.htr_conf_suc
                0x0000000020000014        0x4 ./Core/Src/main.o
                0x0000000020000014                htr_conf_suc
 .data.rd_dt_fail
                0x0000000020000018        0x4 ./Core/Src/main.o
                0x0000000020000018                rd_dt_fail
 .data.rd_dt_suc
                0x000000002000001c        0x4 ./Core/Src/main.o
                0x000000002000001c                rd_dt_suc
 .data.SystemCoreClock
                0x0000000020000020        0x4 ./Core/Src/system_stm32f4xx.o