../Core/Src/bme680.c:115:8:bme68x_init	80	static
../Core/Src/bme680.c:155:8:bme68x_set_regs	56	static
../Core/Src/bme680.c:212:8:bme68x_get_regs	40	static
../Core/Src/bme680.c:247:8:bme68x_soft_reset	24	static
../Core/Src/bme680.c:289:8:bme68x_set_conf	40	static
../Core/Src/bme680.c:373:8:bme68x_get_conf	24	static
../Core/Src/bme680.c:408:8:bme68x_set_op_mode	24	static
../Core/Src/bme680.c:445:8:bme68x_get_op_mode	24	static
../Core/Src/bme680.c:468:10:bme68x_get_meas_dur	48	static
../Core/Src/bme680.c:518:8:bme68x_get_data	120	static
../Core/Src/bme680.c:608:8:bme68x_set_heatr_conf	40	static
../Core/Src/bme680.c:665:8:bme68x_get_heatr_conf	32	static
../Core/Src/bme680.c:705:8:bme68x_selftest_check	272	static
../Core/Src/bme680.c:994:14:calc_temperature	32	static
../Core/Src/bme680.c:1018:14:calc_pressure	32	static
../Core/Src/bme680.c:1051:14:calc_humidity	40	static
../Core/Src/bme680.c:1084:14:calc_gas_resistance_low	176	static
../Core/Src/bme680.c:1108:14:calc_gas_resistance_high	32	static
../Core/Src/bme680.c:1123:16:calc_res_heat	48	static
../Core/Src/bme680.c:1154:16:calc_gas_wait	24	static
../Core/Src/bme680.c:1178:15:read_field_data	64	static
../Core/Src/bme680.c:1267:15:read_all_field_data	128	static
../Core/Src/bme680.c:1345:15:set_mem_page	32	static
../Core/Src/bme680.c:1390:15:get_mem_page	32	static
../Core/Src/bme680.c:1414:15:boundary_check	32	static
../Core/Src/bme680.c:1438:15:null_ptr_check	24	static
../Core/Src/bme680.c:1452:15:set_conf	88	static
../Core/Src/bme680.c:1540:16:calc_heatr_dur_shared	24	static
../Core/Src/bme680.c:1566:13:sort_sensor_data	24	static
../Core/Src/bme680.c:1689:13:swap_fields	24	static
../Core/Src/bme680.c:1699:15:analyze_sensor_data	24	static
../Core/Src/bme680.c:1747:15:get_calib_data	64	static
../Core/Src/bme680.c:1821:15:read_variant_id	24	static
