../Core/Src/bme680.c:114:8:bme68x_init	24	static
../Core/Src/bme680.c:147:8:bme68x_set_regs	56	static
../Core/Src/bme680.c:204:8:bme68x_get_regs	40	static
../Core/Src/bme680.c:239:8:bme68x_soft_reset	24	static
../Core/Src/bme680.c:281:8:bme68x_set_conf	40	static
../Core/Src/bme680.c:365:8:bme68x_get_conf	24	static
../Core/Src/bme680.c:400:8:bme68x_set_op_mode	24	static
../Core/Src/bme680.c:437:8:bme68x_get_op_mode	24	static
../Core/Src/bme680.c:460:10:bme68x_get_meas_dur	48	static
../Core/Src/bme680.c:510:8:bme68x_get_data	120	static
../Core/Src/bme680.c:600:8:bme68x_set_heatr_conf	40	static
../Core/Src/bme680.c:657:8:bme68x_get_heatr_conf	32	static
../Core/Src/bme680.c:697:8:bme68x_selftest_check	272	static
../Core/Src/bme680.c:986:14:calc_temperature	32	static
../Core/Src/bme680.c:1010:14:calc_pressure	32	static
../Core/Src/bme680.c:1043:14:calc_humidity	40	static
../Core/Src/bme680.c:1076:14:calc_gas_resistance_low	176	static
../Core/Src/bme680.c:1100:14:calc_gas_resistance_high	32	static
../Core/Src/bme680.c:1115:16:calc_res_heat	48	static
../Core/Src/bme680.c:1146:16:calc_gas_wait	24	static
../Core/Src/bme680.c:1170:15:read_field_data	64	static
../Core/Src/bme680.c:1259:15:read_all_field_data	128	static
../Core/Src/bme680.c:1337:15:set_mem_page	32	static
../Core/Src/bme680.c:1382:15:get_mem_page	32	static
../Core/Src/bme680.c:1406:15:boundary_check	32	static
../Core/Src/bme680.c:1430:15:null_ptr_check	24	static
../Core/Src/bme680.c:1444:15:set_conf	88	static
../Core/Src/bme680.c:1532:16:calc_heatr_dur_shared	24	static
../Core/Src/bme680.c:1558:13:sort_sensor_data	24	static
../Core/Src/bme680.c:1681:13:swap_fields	24	static
../Core/Src/bme680.c:1691:15:analyze_sensor_data	24	static
../Core/Src/bme680.c:1739:15:get_calib_data	64	static
../Core/Src/bme680.c:1813:15:read_variant_id	24	static
