../Core/Src/main.c:122:5:main	48	static,ignoring_inline_asm
../Core/Src/main.c:222:6:SystemClock_Config	88	static
../Core/Src/main.c:269:13:MX_I2C1_Init	8	static
../Core/Src/main.c:303:13:MX_USART2_UART_Init	8	static
../Core/Src/main.c:336:13:MX_GPIO_Init	56	static
../Core/Src/main.c:462:6:printmsg	16	static
../Core/Src/main.c:467:22:user_i2c_read	48	static
../Core/Src/main.c:477:22:user_i2c_write	48	static
../Core/Src/main.c:486:6:bme68x_delay_us	16	static
../Core/Src/main.c:491:13:bme680_interface_init	24	static
../Core/Src/main.c:503:15:bme680_config	24	static
../Core/Src/main.c:515:15:bme680_htr_config	24	static
../Core/Src/main.c:525:6:print_error	24	static
../Core/Src/main.c:585:13:sensor_handler	64	static,ignoring_inline_asm
../Core/Src/main.c:634:13:processing_handler	192	static,ignoring_inline_asm
../Core/Src/main.c:659:13:displaying_handler	136	static,ignoring_inline_asm
../Core/Src/main.c:684:6:HAL_TIM_PeriodElapsedCallback	16	static
../Core/Src/main.c:701:6:Error_Handler	4	static,ignoring_inline_asm
