../Core/Src/main.c:90:5:main	264	static
../Core/Src/main.c:189:6:SystemClock_Config	88	static
../Core/Src/main.c:236:13:MX_I2C1_Init	8	static
../Core/Src/main.c:270:13:MX_USART2_UART_Init	8	static
../Core/Src/main.c:303:13:MX_GPIO_Init	56	static
../Core/Src/main.c:429:6:printmsg	16	static
../Core/Src/main.c:434:22:user_i2c_read	48	static
../Core/Src/main.c:443:22:user_i2c_write	48	static
../Core/Src/main.c:452:6:bme68x_delay_us	16	static
../Core/Src/main.c:457:15:bme680_config	24	static
../Core/Src/main.c:470:15:bme680_htr_config	40	static
../Core/Src/main.c:486:6:Error_Handler	4	static,ignoring_inline_asm
